training: 40000, validating: 10000, testing: 10000
decay: 15 tensors | no_decay: 8 tensors

==============================================================
Epoch   1/100 (lr 0.05000)
====================
    loss  2.2379 [    16/ 40000]
    loss  2.1708 [  1616/ 40000]
    loss  2.1870 [  3216/ 40000]
    loss  1.9184 [  4816/ 40000]
    loss  2.1069 [  6416/ 40000]
    loss  2.0049 [  8016/ 40000]
    loss  1.7036 [  9616/ 40000]
    loss  2.1097 [ 11216/ 40000]
    loss  1.6851 [ 12816/ 40000]
    loss  1.5768 [ 14416/ 40000]
    loss  1.8816 [ 16016/ 40000]
    loss  1.4738 [ 17616/ 40000]
    loss  1.5959 [ 19216/ 40000]
    loss  1.9071 [ 20816/ 40000]
    loss  1.7702 [ 22416/ 40000]
    loss  1.7975 [ 24016/ 40000]
    loss  1.2313 [ 25616/ 40000]
    loss  1.5935 [ 27216/ 40000]
    loss  1.5273 [ 28816/ 40000]
    loss  1.4334 [ 30416/ 40000]
    loss  1.5966 [ 32016/ 40000]
    loss  1.2679 [ 33616/ 40000]
    loss  1.5998 [ 35216/ 40000]
    loss  1.4664 [ 36816/ 40000]
    loss  2.1900 [ 38416/ 40000]
 train: 1.8038 | val: 1.4558 | acc: 46.55% | 0.5 min

==============================================================
Epoch   2/100 (lr 0.04999)
====================
    loss  1.3888 [    16/ 40000]
    loss  1.1872 [  1616/ 40000]
    loss  1.5163 [  3216/ 40000]
    loss  1.3545 [  4816/ 40000]
    loss  1.5675 [  6416/ 40000]
    loss  1.5812 [  8016/ 40000]
    loss  1.0337 [  9616/ 40000]
    loss  1.2406 [ 11216/ 40000]
    loss  1.3098 [ 12816/ 40000]
    loss  2.1538 [ 14416/ 40000]
    loss  1.3055 [ 16016/ 40000]
    loss  1.3686 [ 17616/ 40000]
    loss  1.1040 [ 19216/ 40000]
    loss  1.2550 [ 20816/ 40000]
    loss  1.2029 [ 22416/ 40000]
    loss  0.9017 [ 24016/ 40000]
    loss  1.3417 [ 25616/ 40000]
    loss  1.0569 [ 27216/ 40000]
    loss  0.6781 [ 28816/ 40000]
    loss  0.9704 [ 30416/ 40000]
    loss  1.5216 [ 32016/ 40000]
    loss  0.9906 [ 33616/ 40000]
    loss  1.4837 [ 35216/ 40000]
    loss  1.1846 [ 36816/ 40000]
    loss  1.6831 [ 38416/ 40000]
 train: 1.3659 | val: 1.6686 | acc: 50.15% | 0.9 min

==============================================================
Epoch   3/100 (lr 0.04995)
====================
    loss  1.4323 [    16/ 40000]
    loss  1.3044 [  1616/ 40000]
    loss  0.9390 [  3216/ 40000]
    loss  1.2646 [  4816/ 40000]
    loss  1.5322 [  6416/ 40000]
    loss  1.6011 [  8016/ 40000]
    loss  1.2597 [  9616/ 40000]
    loss  1.0374 [ 11216/ 40000]
    loss  1.4633 [ 12816/ 40000]
    loss  1.5751 [ 14416/ 40000]
    loss  1.1942 [ 16016/ 40000]
    loss  0.8744 [ 17616/ 40000]
    loss  1.4918 [ 19216/ 40000]
    loss  1.0316 [ 20816/ 40000]
    loss  0.9100 [ 22416/ 40000]
    loss  1.4728 [ 24016/ 40000]
    loss  1.0488 [ 25616/ 40000]
    loss  1.6676 [ 27216/ 40000]
    loss  0.9385 [ 28816/ 40000]
    loss  0.9748 [ 30416/ 40000]
    loss  1.0689 [ 32016/ 40000]
    loss  1.2558 [ 33616/ 40000]
    loss  1.8106 [ 35216/ 40000]
    loss  1.1118 [ 36816/ 40000]
    loss  1.0408 [ 38416/ 40000]
 train: 1.1906 | val: 1.1485 | acc: 59.73% | 1.3 min

==============================================================
Epoch   4/100 (lr 0.04989)
====================
    loss  0.6310 [    16/ 40000]
    loss  1.2446 [  1616/ 40000]
    loss  1.1516 [  3216/ 40000]
    loss  1.3522 [  4816/ 40000]
    loss  1.2093 [  6416/ 40000]
    loss  0.8890 [  8016/ 40000]
    loss  1.0890 [  9616/ 40000]
    loss  1.2644 [ 11216/ 40000]
    loss  1.2070 [ 12816/ 40000]
    loss  1.5893 [ 14416/ 40000]
    loss  0.9952 [ 16016/ 40000]
    loss  0.9661 [ 17616/ 40000]
    loss  0.9380 [ 19216/ 40000]
    loss  0.5224 [ 20816/ 40000]
    loss  1.3336 [ 22416/ 40000]
    loss  1.1235 [ 24016/ 40000]
    loss  0.9971 [ 25616/ 40000]
    loss  0.9560 [ 27216/ 40000]
    loss  0.7965 [ 28816/ 40000]
    loss  1.2020 [ 30416/ 40000]
    loss  0.6087 [ 32016/ 40000]
    loss  1.0624 [ 33616/ 40000]
    loss  0.7980 [ 35216/ 40000]
    loss  1.4337 [ 36816/ 40000]
    loss  1.1804 [ 38416/ 40000]
 train: 1.0906 | val: 1.0880 | acc: 64.40% | 1.6 min

==============================================================
Epoch   5/100 (lr 0.04980)
====================
    loss  1.3301 [    16/ 40000]
    loss  0.6839 [  1616/ 40000]
    loss  1.1707 [  3216/ 40000]
    loss  1.0823 [  4816/ 40000]
    loss  1.1719 [  6416/ 40000]
    loss  1.2160 [  8016/ 40000]
    loss  1.1284 [  9616/ 40000]
    loss  1.0743 [ 11216/ 40000]
    loss  0.8816 [ 12816/ 40000]
    loss  0.8600 [ 14416/ 40000]
    loss  1.0110 [ 16016/ 40000]
    loss  1.5452 [ 17616/ 40000]
    loss  0.9048 [ 19216/ 40000]
    loss  0.7113 [ 20816/ 40000]
    loss  1.2262 [ 22416/ 40000]
    loss  0.9440 [ 24016/ 40000]
    loss  1.1929 [ 25616/ 40000]
    loss  0.6549 [ 27216/ 40000]
    loss  1.1333 [ 28816/ 40000]
    loss  0.9449 [ 30416/ 40000]
    loss  0.8985 [ 32016/ 40000]
    loss  1.3877 [ 33616/ 40000]
    loss  0.8867 [ 35216/ 40000]
    loss  0.7800 [ 36816/ 40000]
    loss  1.2886 [ 38416/ 40000]
 train: 1.0244 | val: 0.8493 | acc: 70.94% | 2.0 min

==============================================================
Epoch   6/100 (lr 0.04969)
====================
    loss  1.4609 [    16/ 40000]
    loss  1.2643 [  1616/ 40000]
    loss  1.2939 [  3216/ 40000]
    loss  1.1179 [  4816/ 40000]
    loss  1.0594 [  6416/ 40000]
    loss  0.8321 [  8016/ 40000]
    loss  0.7703 [  9616/ 40000]
    loss  0.8466 [ 11216/ 40000]
    loss  0.7202 [ 12816/ 40000]
    loss  0.6682 [ 14416/ 40000]
    loss  1.0968 [ 16016/ 40000]
    loss  0.5399 [ 17616/ 40000]
    loss  0.9904 [ 19216/ 40000]
    loss  0.8074 [ 20816/ 40000]
    loss  0.8971 [ 22416/ 40000]
    loss  0.3237 [ 24016/ 40000]
    loss  0.9025 [ 25616/ 40000]
    loss  0.8694 [ 27216/ 40000]
    loss  0.4812 [ 28816/ 40000]
    loss  1.4736 [ 30416/ 40000]
    loss  0.9695 [ 32016/ 40000]
    loss  1.2187 [ 33616/ 40000]
    loss  0.9196 [ 35216/ 40000]
    loss  0.5024 [ 36816/ 40000]
    loss  0.8823 [ 38416/ 40000]
 train: 0.9919 | val: 1.1003 | acc: 62.23% | 2.4 min

==============================================================
Epoch   7/100 (lr 0.04956)
====================
    loss  1.0752 [    16/ 40000]
    loss  0.4847 [  1616/ 40000]
    loss  0.6103 [  3216/ 40000]
    loss  1.7653 [  4816/ 40000]
    loss  0.4541 [  6416/ 40000]
    loss  0.6894 [  8016/ 40000]
    loss  0.8624 [  9616/ 40000]
    loss  0.9085 [ 11216/ 40000]
    loss  0.7178 [ 12816/ 40000]
    loss  0.8979 [ 14416/ 40000]
    loss  0.6802 [ 16016/ 40000]
    loss  0.5445 [ 17616/ 40000]
    loss  1.0747 [ 19216/ 40000]
    loss  0.9728 [ 20816/ 40000]
    loss  0.8485 [ 22416/ 40000]
    loss  0.8302 [ 24016/ 40000]
    loss  0.8582 [ 25616/ 40000]
    loss  1.0836 [ 27216/ 40000]
    loss  1.6180 [ 28816/ 40000]
    loss  1.2357 [ 30416/ 40000]
    loss  1.0567 [ 32016/ 40000]
    loss  0.6653 [ 33616/ 40000]
    loss  1.9040 [ 35216/ 40000]
    loss  1.3368 [ 36816/ 40000]
    loss  0.9923 [ 38416/ 40000]
 train: 0.9579 | val: 0.7615 | acc: 73.78% | 2.7 min

==============================================================
Epoch   8/100 (lr 0.04940)
====================
    loss  1.7554 [    16/ 40000]
    loss  1.4179 [  1616/ 40000]
    loss  1.0404 [  3216/ 40000]
    loss  0.7888 [  4816/ 40000]
    loss  0.5213 [  6416/ 40000]
    loss  0.6588 [  8016/ 40000]
    loss  0.7598 [  9616/ 40000]
    loss  1.1185 [ 11216/ 40000]
    loss  0.6663 [ 12816/ 40000]
    loss  0.6658 [ 14416/ 40000]
    loss  0.7620 [ 16016/ 40000]
    loss  1.1204 [ 17616/ 40000]
    loss  0.5275 [ 19216/ 40000]
    loss  0.5490 [ 20816/ 40000]
    loss  1.0121 [ 22416/ 40000]
    loss  1.2534 [ 24016/ 40000]
    loss  0.7784 [ 25616/ 40000]
    loss  1.2470 [ 27216/ 40000]
    loss  0.9619 [ 28816/ 40000]
    loss  0.7013 [ 30416/ 40000]
    loss  1.4676 [ 32016/ 40000]
    loss  1.2389 [ 33616/ 40000]
    loss  0.6703 [ 35216/ 40000]
    loss  0.8377 [ 36816/ 40000]
    loss  1.5863 [ 38416/ 40000]
 train: 0.9404 | val: 0.9066 | acc: 68.73% | 3.1 min

==============================================================
Epoch   9/100 (lr 0.04922)
====================
    loss  1.2285 [    16/ 40000]
    loss  0.7038 [  1616/ 40000]
    loss  0.5142 [  3216/ 40000]
    loss  0.7648 [  4816/ 40000]
    loss  0.6205 [  6416/ 40000]
    loss  0.5273 [  8016/ 40000]
    loss  1.1760 [  9616/ 40000]
    loss  0.3156 [ 11216/ 40000]
    loss  0.7744 [ 12816/ 40000]
    loss  1.0470 [ 14416/ 40000]
    loss  1.3384 [ 16016/ 40000]
    loss  0.6534 [ 17616/ 40000]
    loss  1.0708 [ 19216/ 40000]
    loss  1.4437 [ 20816/ 40000]
    loss  0.7793 [ 22416/ 40000]
    loss  0.4906 [ 24016/ 40000]
    loss  0.9023 [ 25616/ 40000]
    loss  1.4702 [ 27216/ 40000]
    loss  1.4683 [ 28816/ 40000]
    loss  1.1099 [ 30416/ 40000]
    loss  1.1040 [ 32016/ 40000]
    loss  0.7712 [ 33616/ 40000]
    loss  1.0618 [ 35216/ 40000]
    loss  1.5255 [ 36816/ 40000]
    loss  0.9752 [ 38416/ 40000]
 train: 0.9184 | val: 0.9264 | acc: 68.91% | 3.5 min

==============================================================
Epoch  10/100 (lr 0.04901)
====================
    loss  0.3636 [    16/ 40000]
    loss  1.2979 [  1616/ 40000]
    loss  1.0790 [  3216/ 40000]
    loss  0.7877 [  4816/ 40000]
    loss  1.0088 [  6416/ 40000]
    loss  0.7332 [  8016/ 40000]
    loss  0.8317 [  9616/ 40000]
    loss  0.7228 [ 11216/ 40000]
    loss  1.1041 [ 12816/ 40000]
    loss  0.9386 [ 14416/ 40000]
    loss  1.3238 [ 16016/ 40000]
    loss  0.9085 [ 17616/ 40000]
    loss  0.8911 [ 19216/ 40000]
    loss  1.0256 [ 20816/ 40000]
    loss  1.4715 [ 22416/ 40000]
    loss  1.1101 [ 24016/ 40000]
    loss  1.1451 [ 25616/ 40000]
    loss  1.4731 [ 27216/ 40000]
    loss  0.8808 [ 28816/ 40000]
    loss  0.7559 [ 30416/ 40000]
    loss  0.6988 [ 32016/ 40000]
    loss  0.5639 [ 33616/ 40000]
    loss  0.8600 [ 35216/ 40000]
    loss  1.2600 [ 36816/ 40000]
    loss  0.6294 [ 38416/ 40000]
 train: 0.9105 | val: 0.8393 | acc: 70.48% | 3.9 min
 resume checkpoint: vgg8_epoch10.pt

==============================================================
Epoch  11/100 (lr 0.04878)
====================
    loss  0.9961 [    16/ 40000]
    loss  0.3906 [  1616/ 40000]
    loss  0.3987 [  3216/ 40000]
    loss  0.5746 [  4816/ 40000]
    loss  0.6961 [  6416/ 40000]
    loss  0.9995 [  8016/ 40000]
    loss  1.0058 [  9616/ 40000]
    loss  0.7484 [ 11216/ 40000]
    loss  0.7519 [ 12816/ 40000]
    loss  1.1453 [ 14416/ 40000]
    loss  0.8776 [ 16016/ 40000]
    loss  0.7951 [ 17616/ 40000]
    loss  1.6276 [ 19216/ 40000]
    loss  1.0691 [ 20816/ 40000]
    loss  0.6280 [ 22416/ 40000]
    loss  1.1379 [ 24016/ 40000]
    loss  0.8963 [ 25616/ 40000]
    loss  1.2558 [ 27216/ 40000]
    loss  0.6228 [ 28816/ 40000]
    loss  1.0628 [ 30416/ 40000]
    loss  1.2562 [ 32016/ 40000]
    loss  1.2128 [ 33616/ 40000]
    loss  0.6511 [ 35216/ 40000]
    loss  1.3040 [ 36816/ 40000]
    loss  0.8168 [ 38416/ 40000]
 train: 0.8951 | val: 0.7918 | acc: 72.98% | 4.3 min

==============================================================
Epoch  12/100 (lr 0.04852)
====================
    loss  1.0130 [    16/ 40000]
    loss  0.9713 [  1616/ 40000]
    loss  1.0654 [  3216/ 40000]
    loss  1.0230 [  4816/ 40000]
    loss  0.7993 [  6416/ 40000]
    loss  0.6193 [  8016/ 40000]
    loss  1.0825 [  9616/ 40000]
    loss  0.5434 [ 11216/ 40000]
    loss  0.3810 [ 12816/ 40000]
    loss  0.9171 [ 14416/ 40000]
    loss  0.8612 [ 16016/ 40000]
    loss  0.4534 [ 17616/ 40000]
    loss  0.6392 [ 19216/ 40000]
    loss  0.5307 [ 20816/ 40000]
    loss  1.2287 [ 22416/ 40000]
    loss  0.7612 [ 24016/ 40000]
    loss  0.6880 [ 25616/ 40000]
    loss  0.5967 [ 27216/ 40000]
    loss  0.8259 [ 28816/ 40000]
    loss  0.9123 [ 30416/ 40000]
    loss  1.1958 [ 32016/ 40000]
    loss  0.5949 [ 33616/ 40000]
    loss  1.0904 [ 35216/ 40000]
    loss  0.4814 [ 36816/ 40000]
    loss  0.4627 [ 38416/ 40000]
 train: 0.8950 | val: 0.9427 | acc: 68.01% | 4.7 min

==============================================================
Epoch  13/100 (lr 0.04825)
====================
    loss  1.1290 [    16/ 40000]
    loss  1.1261 [  1616/ 40000]
    loss  1.2179 [  3216/ 40000]
    loss  1.1694 [  4816/ 40000]
    loss  0.9873 [  6416/ 40000]
    loss  1.0334 [  8016/ 40000]
    loss  0.7994 [  9616/ 40000]
    loss  1.1624 [ 11216/ 40000]
    loss  1.8712 [ 12816/ 40000]
    loss  0.9296 [ 14416/ 40000]
    loss  0.8551 [ 16016/ 40000]
    loss  0.4958 [ 17616/ 40000]
    loss  0.8732 [ 19216/ 40000]
    loss  0.6912 [ 20816/ 40000]
    loss  0.4167 [ 22416/ 40000]
    loss  0.7131 [ 24016/ 40000]
    loss  0.7998 [ 25616/ 40000]
    loss  1.0290 [ 27216/ 40000]
    loss  0.3829 [ 28816/ 40000]
    loss  1.1513 [ 30416/ 40000]
    loss  0.9797 [ 32016/ 40000]
    loss  0.6557 [ 33616/ 40000]
    loss  0.9537 [ 35216/ 40000]
    loss  0.5595 [ 36816/ 40000]
    loss  0.7871 [ 38416/ 40000]
 train: 0.8814 | val: 0.8746 | acc: 69.59% | 5.1 min

==============================================================
Epoch  14/100 (lr 0.04795)
====================
    loss  0.3451 [    16/ 40000]
    loss  0.3536 [  1616/ 40000]
    loss  1.2128 [  3216/ 40000]
    loss  0.5426 [  4816/ 40000]
    loss  0.7994 [  6416/ 40000]
    loss  0.6987 [  8016/ 40000]
    loss  1.0495 [  9616/ 40000]
    loss  0.5880 [ 11216/ 40000]
    loss  0.9444 [ 12816/ 40000]
    loss  0.7429 [ 14416/ 40000]
    loss  0.5947 [ 16016/ 40000]
    loss  0.8042 [ 17616/ 40000]
    loss  0.6512 [ 19216/ 40000]
    loss  0.7063 [ 20816/ 40000]
    loss  0.6726 [ 22416/ 40000]
    loss  0.5554 [ 24016/ 40000]
    loss  1.2448 [ 25616/ 40000]
    loss  0.6590 [ 27216/ 40000]
    loss  0.5854 [ 28816/ 40000]
    loss  0.5329 [ 30416/ 40000]
    loss  0.9213 [ 32016/ 40000]
    loss  1.1422 [ 33616/ 40000]
    loss  0.7426 [ 35216/ 40000]
    loss  1.7113 [ 36816/ 40000]
    loss  0.7382 [ 38416/ 40000]
 train: 0.8770 | val: 0.7785 | acc: 73.52% | 5.5 min

==============================================================
Epoch  15/100 (lr 0.04762)
====================
    loss  0.7250 [    16/ 40000]
    loss  0.9041 [  1616/ 40000]
    loss  0.9212 [  3216/ 40000]
    loss  0.9403 [  4816/ 40000]
    loss  0.6060 [  6416/ 40000]
    loss  0.9402 [  8016/ 40000]
    loss  0.7315 [  9616/ 40000]
    loss  0.3479 [ 11216/ 40000]
    loss  0.5926 [ 12816/ 40000]
    loss  0.6842 [ 14416/ 40000]
    loss  0.9621 [ 16016/ 40000]
    loss  0.8716 [ 17616/ 40000]
    loss  0.9784 [ 19216/ 40000]
    loss  0.4963 [ 20816/ 40000]
    loss  1.2229 [ 22416/ 40000]
    loss  1.1703 [ 24016/ 40000]
    loss  0.9710 [ 25616/ 40000]
    loss  0.7445 [ 27216/ 40000]
    loss  1.3718 [ 28816/ 40000]
    loss  0.7779 [ 30416/ 40000]
    loss  1.6095 [ 32016/ 40000]
    loss  0.6831 [ 33616/ 40000]
    loss  0.9589 [ 35216/ 40000]
    loss  0.4603 [ 36816/ 40000]
    loss  1.2365 [ 38416/ 40000]
 train: 0.8704 | val: 0.8425 | acc: 70.23% | 5.9 min

==============================================================
Epoch  16/100 (lr 0.04728)
====================
    loss  1.7689 [    16/ 40000]
    loss  1.4478 [  1616/ 40000]
    loss  0.7825 [  3216/ 40000]
    loss  0.6147 [  4816/ 40000]
    loss  0.9497 [  6416/ 40000]
    loss  0.8609 [  8016/ 40000]
    loss  1.0305 [  9616/ 40000]
    loss  0.7902 [ 11216/ 40000]
    loss  0.9958 [ 12816/ 40000]
    loss  0.5919 [ 14416/ 40000]
    loss  1.1011 [ 16016/ 40000]
    loss  0.9076 [ 17616/ 40000]
    loss  1.1711 [ 19216/ 40000]
    loss  0.5672 [ 20816/ 40000]
    loss  0.8218 [ 22416/ 40000]
    loss  0.7799 [ 24016/ 40000]
    loss  0.5752 [ 25616/ 40000]
    loss  0.7452 [ 27216/ 40000]
    loss  0.6428 [ 28816/ 40000]
    loss  0.8408 [ 30416/ 40000]
    loss  0.5947 [ 32016/ 40000]
    loss  0.5320 [ 33616/ 40000]
    loss  0.3989 [ 35216/ 40000]
    loss  0.6552 [ 36816/ 40000]
    loss  1.1190 [ 38416/ 40000]
 train: 0.8660 | val: 0.7850 | acc: 73.28% | 6.3 min

==============================================================
Epoch  17/100 (lr 0.04691)
====================
    loss  0.6119 [    16/ 40000]
    loss  0.9570 [  1616/ 40000]
    loss  1.2381 [  3216/ 40000]
    loss  1.6199 [  4816/ 40000]
    loss  1.2414 [  6416/ 40000]
    loss  1.0281 [  8016/ 40000]
    loss  0.7258 [  9616/ 40000]
    loss  0.6613 [ 11216/ 40000]
    loss  0.4956 [ 12816/ 40000]
    loss  1.3532 [ 14416/ 40000]
    loss  0.8093 [ 16016/ 40000]
    loss  0.9780 [ 17616/ 40000]
    loss  0.8081 [ 19216/ 40000]
    loss  0.9131 [ 20816/ 40000]
    loss  1.1238 [ 22416/ 40000]
    loss  0.5596 [ 24016/ 40000]
    loss  0.8064 [ 25616/ 40000]
    loss  0.7052 [ 27216/ 40000]
    loss  0.6946 [ 28816/ 40000]
    loss  0.6449 [ 30416/ 40000]
    loss  1.1169 [ 32016/ 40000]
    loss  0.6015 [ 33616/ 40000]
    loss  1.0777 [ 35216/ 40000]
    loss  0.3946 [ 36816/ 40000]
    loss  1.0864 [ 38416/ 40000]
 train: 0.8511 | val: 0.7987 | acc: 72.62% | 6.7 min

==============================================================
Epoch  18/100 (lr 0.04652)
====================
    loss  0.8311 [    16/ 40000]
    loss  0.7674 [  1616/ 40000]
    loss  0.4366 [  3216/ 40000]
    loss  0.7733 [  4816/ 40000]
    loss  1.5420 [  6416/ 40000]
    loss  1.2953 [  8016/ 40000]
    loss  0.7901 [  9616/ 40000]
    loss  0.8395 [ 11216/ 40000]
    loss  0.3682 [ 12816/ 40000]
    loss  0.7441 [ 14416/ 40000]
    loss  0.7824 [ 16016/ 40000]
    loss  0.5204 [ 17616/ 40000]
    loss  1.0392 [ 19216/ 40000]
    loss  1.2310 [ 20816/ 40000]
    loss  0.6486 [ 22416/ 40000]
    loss  0.9118 [ 24016/ 40000]
    loss  1.1710 [ 25616/ 40000]
    loss  1.0912 [ 27216/ 40000]
    loss  1.1313 [ 28816/ 40000]
    loss  0.8514 [ 30416/ 40000]
    loss  0.7005 [ 32016/ 40000]
    loss  0.4672 [ 33616/ 40000]
    loss  0.5769 [ 35216/ 40000]
    loss  0.8156 [ 36816/ 40000]
    loss  0.7741 [ 38416/ 40000]
 train: 0.8500 | val: 0.7613 | acc: 74.12% | 7.1 min

==============================================================
Epoch  19/100 (lr 0.04611)
====================
    loss  0.7673 [    16/ 40000]
    loss  1.0982 [  1616/ 40000]
    loss  0.8538 [  3216/ 40000]
    loss  0.7726 [  4816/ 40000]
    loss  0.9155 [  6416/ 40000]
    loss  0.9631 [  8016/ 40000]
    loss  0.6698 [  9616/ 40000]
    loss  0.8479 [ 11216/ 40000]
    loss  1.1123 [ 12816/ 40000]
    loss  0.5765 [ 14416/ 40000]
    loss  1.3054 [ 16016/ 40000]
    loss  0.9185 [ 17616/ 40000]
    loss  0.8172 [ 19216/ 40000]
    loss  0.7941 [ 20816/ 40000]
    loss  0.8593 [ 22416/ 40000]
    loss  0.9558 [ 24016/ 40000]
    loss  0.8311 [ 25616/ 40000]
    loss  0.5953 [ 27216/ 40000]
    loss  1.3575 [ 28816/ 40000]
    loss  0.7395 [ 30416/ 40000]
    loss  0.5061 [ 32016/ 40000]
    loss  0.8604 [ 33616/ 40000]
    loss  1.5936 [ 35216/ 40000]
    loss  0.7484 [ 36816/ 40000]
    loss  1.6067 [ 38416/ 40000]
 train: 0.8468 | val: 0.8695 | acc: 71.13% | 7.5 min

==============================================================
Epoch  20/100 (lr 0.04568)
====================
    loss  0.8050 [    16/ 40000]
    loss  1.1058 [  1616/ 40000]
    loss  0.6552 [  3216/ 40000]
    loss  0.6647 [  4816/ 40000]
    loss  0.7281 [  6416/ 40000]
    loss  0.7697 [  8016/ 40000]
    loss  0.9717 [  9616/ 40000]
    loss  0.9244 [ 11216/ 40000]
    loss  0.7530 [ 12816/ 40000]
    loss  0.4258 [ 14416/ 40000]
    loss  0.5976 [ 16016/ 40000]
    loss  1.1221 [ 17616/ 40000]
    loss  0.2399 [ 19216/ 40000]
    loss  0.3900 [ 20816/ 40000]
    loss  2.2339 [ 22416/ 40000]
    loss  1.0012 [ 24016/ 40000]
    loss  0.8397 [ 25616/ 40000]
    loss  0.7907 [ 27216/ 40000]
    loss  0.5725 [ 28816/ 40000]
    loss  1.1045 [ 30416/ 40000]
    loss  1.0487 [ 32016/ 40000]
    loss  1.1653 [ 33616/ 40000]
    loss  0.8623 [ 35216/ 40000]
    loss  0.9118 [ 36816/ 40000]
    loss  0.6749 [ 38416/ 40000]
 train: 0.8382 | val: 0.7912 | acc: 74.00% | 7.9 min
 resume checkpoint: vgg8_epoch20.pt

==============================================================
Epoch  21/100 (lr 0.04523)
====================
    loss  1.4484 [    16/ 40000]
    loss  0.6474 [  1616/ 40000]
    loss  0.7780 [  3216/ 40000]
    loss  0.5653 [  4816/ 40000]
    loss  1.5534 [  6416/ 40000]
    loss  1.4225 [  8016/ 40000]
    loss  0.7201 [  9616/ 40000]
    loss  0.7325 [ 11216/ 40000]
    loss  0.7412 [ 12816/ 40000]
    loss  0.4833 [ 14416/ 40000]
    loss  1.0075 [ 16016/ 40000]
    loss  0.7305 [ 17616/ 40000]
    loss  1.0806 [ 19216/ 40000]
    loss  0.7505 [ 20816/ 40000]
    loss  1.5601 [ 22416/ 40000]
    loss  0.6547 [ 24016/ 40000]
    loss  0.8815 [ 25616/ 40000]
    loss  1.2333 [ 27216/ 40000]
    loss  1.2104 [ 28816/ 40000]
    loss  1.0921 [ 30416/ 40000]
    loss  1.4879 [ 32016/ 40000]
    loss  0.8129 [ 33616/ 40000]
    loss  1.3924 [ 35216/ 40000]
    loss  0.8272 [ 36816/ 40000]
    loss  0.9320 [ 38416/ 40000]
 train: 0.8398 | val: 0.8764 | acc: 71.04% | 8.3 min

==============================================================
Epoch  22/100 (lr 0.04476)
====================
    loss  0.5966 [    16/ 40000]
    loss  0.5481 [  1616/ 40000]
    loss  0.5242 [  3216/ 40000]
    loss  0.5971 [  4816/ 40000]
    loss  1.0470 [  6416/ 40000]
    loss  0.8884 [  8016/ 40000]
    loss  0.5840 [  9616/ 40000]
    loss  0.6124 [ 11216/ 40000]
    loss  0.9954 [ 12816/ 40000]
    loss  0.6449 [ 14416/ 40000]
    loss  0.8597 [ 16016/ 40000]
    loss  0.8198 [ 17616/ 40000]
    loss  0.2888 [ 19216/ 40000]
    loss  0.9942 [ 20816/ 40000]
    loss  0.4685 [ 22416/ 40000]
    loss  0.6135 [ 24016/ 40000]
    loss  0.7237 [ 25616/ 40000]
    loss  0.5846 [ 27216/ 40000]
    loss  1.1538 [ 28816/ 40000]
    loss  0.6238 [ 30416/ 40000]
    loss  1.4564 [ 32016/ 40000]
    loss  1.2977 [ 33616/ 40000]
    loss  0.5258 [ 35216/ 40000]
    loss  1.0214 [ 36816/ 40000]
    loss  0.9163 [ 38416/ 40000]
 train: 0.8243 | val: 0.7249 | acc: 75.70% | 8.7 min

==============================================================
Epoch  23/100 (lr 0.04427)
====================
    loss  0.4846 [    16/ 40000]
    loss  0.8024 [  1616/ 40000]
    loss  1.2192 [  3216/ 40000]
    loss  0.9025 [  4816/ 40000]
    loss  0.4205 [  6416/ 40000]
    loss  0.8304 [  8016/ 40000]
    loss  0.6383 [  9616/ 40000]
    loss  0.5512 [ 11216/ 40000]
    loss  0.7991 [ 12816/ 40000]
    loss  1.0253 [ 14416/ 40000]
    loss  0.6217 [ 16016/ 40000]
    loss  0.6153 [ 17616/ 40000]
    loss  0.9765 [ 19216/ 40000]
    loss  0.7198 [ 20816/ 40000]
    loss  0.7440 [ 22416/ 40000]
    loss  1.2089 [ 24016/ 40000]
    loss  0.8042 [ 25616/ 40000]
    loss  0.5836 [ 27216/ 40000]
    loss  0.7167 [ 28816/ 40000]
    loss  0.8892 [ 30416/ 40000]
    loss  0.4523 [ 32016/ 40000]
    loss  0.9349 [ 33616/ 40000]
    loss  0.8070 [ 35216/ 40000]
    loss  0.3608 [ 36816/ 40000]
    loss  0.8237 [ 38416/ 40000]
 train: 0.8206 | val: 0.7866 | acc: 73.75% | 9.1 min

==============================================================
Epoch  24/100 (lr 0.04376)
====================
    loss  0.7180 [    16/ 40000]
    loss  0.7807 [  1616/ 40000]
    loss  0.6488 [  3216/ 40000]
    loss  0.4322 [  4816/ 40000]
    loss  1.2518 [  6416/ 40000]
    loss  1.2752 [  8016/ 40000]
    loss  1.5887 [  9616/ 40000]
    loss  1.1768 [ 11216/ 40000]
    loss  0.6197 [ 12816/ 40000]
    loss  1.0772 [ 14416/ 40000]
    loss  0.5468 [ 16016/ 40000]
    loss  0.6083 [ 17616/ 40000]
    loss  0.8664 [ 19216/ 40000]
    loss  0.5603 [ 20816/ 40000]
    loss  1.0004 [ 22416/ 40000]
    loss  0.6125 [ 24016/ 40000]
    loss  0.6235 [ 25616/ 40000]
    loss  0.8040 [ 27216/ 40000]
    loss  0.8043 [ 28816/ 40000]
    loss  1.0686 [ 30416/ 40000]
    loss  1.7119 [ 32016/ 40000]
    loss  0.3368 [ 33616/ 40000]
    loss  1.1696 [ 35216/ 40000]
    loss  0.4570 [ 36816/ 40000]
    loss  0.9037 [ 38416/ 40000]
 train: 0.8230 | val: 0.8526 | acc: 71.68% | 9.5 min

==============================================================
Epoch  25/100 (lr 0.04323)
====================
    loss  0.5749 [    16/ 40000]
    loss  0.5086 [  1616/ 40000]
    loss  0.8039 [  3216/ 40000]
    loss  1.2519 [  4816/ 40000]
    loss  1.3831 [  6416/ 40000]
    loss  0.8084 [  8016/ 40000]
    loss  0.8462 [  9616/ 40000]
    loss  0.5477 [ 11216/ 40000]
    loss  0.9324 [ 12816/ 40000]
    loss  1.5811 [ 14416/ 40000]
    loss  0.7198 [ 16016/ 40000]
    loss  1.1506 [ 17616/ 40000]
    loss  0.2779 [ 19216/ 40000]
    loss  0.3410 [ 20816/ 40000]
    loss  0.7143 [ 22416/ 40000]
    loss  0.8743 [ 24016/ 40000]
    loss  0.6860 [ 25616/ 40000]
    loss  0.7831 [ 27216/ 40000]
    loss  1.1353 [ 28816/ 40000]
    loss  0.5052 [ 30416/ 40000]
    loss  0.9874 [ 32016/ 40000]
    loss  0.7839 [ 33616/ 40000]
    loss  0.6105 [ 35216/ 40000]
    loss  1.1364 [ 36816/ 40000]
    loss  1.3789 [ 38416/ 40000]
 train: 0.8084 | val: 0.7708 | acc: 73.82% | 9.9 min

==============================================================
Epoch  26/100 (lr 0.04268)
====================
    loss  1.1351 [    16/ 40000]
    loss  0.6969 [  1616/ 40000]
    loss  0.9366 [  3216/ 40000]
    loss  0.8459 [  4816/ 40000]
    loss  0.4244 [  6416/ 40000]
    loss  0.5261 [  8016/ 40000]
    loss  1.2901 [  9616/ 40000]
    loss  0.7780 [ 11216/ 40000]
    loss  0.4625 [ 12816/ 40000]
    loss  0.6385 [ 14416/ 40000]
    loss  1.0469 [ 16016/ 40000]
    loss  1.2581 [ 17616/ 40000]
    loss  0.6679 [ 19216/ 40000]
    loss  1.7966 [ 20816/ 40000]
    loss  0.1941 [ 22416/ 40000]
    loss  0.7045 [ 24016/ 40000]
    loss  0.5309 [ 25616/ 40000]
    loss  0.5787 [ 27216/ 40000]
    loss  0.7884 [ 28816/ 40000]
    loss  0.4359 [ 30416/ 40000]
    loss  0.8581 [ 32016/ 40000]
    loss  0.9862 [ 33616/ 40000]
    loss  0.7662 [ 35216/ 40000]
    loss  0.9956 [ 36816/ 40000]
    loss  0.8920 [ 38416/ 40000]
 train: 0.8100 | val: 0.7709 | acc: 73.20% | 10.3 min

==============================================================
Epoch  27/100 (lr 0.04212)
====================
    loss  1.0942 [    16/ 40000]
    loss  0.5726 [  1616/ 40000]
    loss  0.1795 [  3216/ 40000]
    loss  0.4335 [  4816/ 40000]
    loss  1.0256 [  6416/ 40000]
    loss  0.6455 [  8016/ 40000]
    loss  0.6627 [  9616/ 40000]
    loss  0.4561 [ 11216/ 40000]
    loss  0.6511 [ 12816/ 40000]
    loss  0.7256 [ 14416/ 40000]
    loss  0.2349 [ 16016/ 40000]
    loss  0.9467 [ 17616/ 40000]
    loss  0.5383 [ 19216/ 40000]
    loss  0.4775 [ 20816/ 40000]
    loss  1.2529 [ 22416/ 40000]
    loss  0.7964 [ 24016/ 40000]
    loss  0.7281 [ 25616/ 40000]
    loss  1.1542 [ 27216/ 40000]
    loss  0.7437 [ 28816/ 40000]
    loss  0.8773 [ 30416/ 40000]
    loss  0.4592 [ 32016/ 40000]
    loss  0.6924 [ 33616/ 40000]
    loss  1.3272 [ 35216/ 40000]
    loss  0.7669 [ 36816/ 40000]
    loss  0.8534 [ 38416/ 40000]
 train: 0.7964 | val: 0.7471 | acc: 74.84% | 10.7 min

==============================================================
Epoch  28/100 (lr 0.04154)
====================
    loss  0.3138 [    16/ 40000]
    loss  0.9261 [  1616/ 40000]
    loss  1.4092 [  3216/ 40000]
    loss  0.6503 [  4816/ 40000]
    loss  0.4833 [  6416/ 40000]
    loss  1.0942 [  8016/ 40000]
    loss  1.0028 [  9616/ 40000]
    loss  1.0983 [ 11216/ 40000]
    loss  0.6918 [ 12816/ 40000]
    loss  0.8018 [ 14416/ 40000]
    loss  0.7715 [ 16016/ 40000]
    loss  1.2877 [ 17616/ 40000]
    loss  0.5268 [ 19216/ 40000]
    loss  0.4658 [ 20816/ 40000]
    loss  0.7179 [ 22416/ 40000]
    loss  1.1041 [ 24016/ 40000]
    loss  0.9713 [ 25616/ 40000]
    loss  1.4958 [ 27216/ 40000]
    loss  0.9438 [ 28816/ 40000]
    loss  0.4691 [ 30416/ 40000]
    loss  0.7454 [ 32016/ 40000]
    loss  0.3765 [ 33616/ 40000]
    loss  0.9442 [ 35216/ 40000]
    loss  0.8383 [ 36816/ 40000]
    loss  0.7759 [ 38416/ 40000]
 train: 0.7999 | val: 0.8661 | acc: 71.79% | 11.0 min

==============================================================
Epoch  29/100 (lr 0.04094)
====================
    loss  0.4107 [    16/ 40000]
    loss  0.3348 [  1616/ 40000]
    loss  0.7102 [  3216/ 40000]
    loss  0.6964 [  4816/ 40000]
    loss  0.7361 [  6416/ 40000]
    loss  1.3690 [  8016/ 40000]
    loss  0.9601 [  9616/ 40000]
    loss  0.8374 [ 11216/ 40000]
    loss  0.5964 [ 12816/ 40000]
    loss  0.7920 [ 14416/ 40000]
    loss  0.7621 [ 16016/ 40000]
    loss  0.8881 [ 17616/ 40000]
    loss  0.9557 [ 19216/ 40000]
    loss  0.7055 [ 20816/ 40000]
    loss  1.0001 [ 22416/ 40000]
    loss  1.2259 [ 24016/ 40000]
    loss  1.4925 [ 25616/ 40000]
    loss  0.5137 [ 27216/ 40000]
    loss  0.3054 [ 28816/ 40000]
    loss  0.7647 [ 30416/ 40000]
    loss  1.1549 [ 32016/ 40000]
    loss  0.8919 [ 33616/ 40000]
    loss  0.9666 [ 35216/ 40000]
    loss  0.6750 [ 36816/ 40000]
    loss  0.5325 [ 38416/ 40000]
 train: 0.7908 | val: 0.6790 | acc: 77.80% | 11.4 min

==============================================================
Epoch  30/100 (lr 0.04033)
====================
    loss  0.8455 [    16/ 40000]
    loss  0.7227 [  1616/ 40000]
    loss  0.7969 [  3216/ 40000]
    loss  0.6016 [  4816/ 40000]
    loss  0.8765 [  6416/ 40000]
    loss  0.6396 [  8016/ 40000]
    loss  1.7610 [  9616/ 40000]
    loss  0.8573 [ 11216/ 40000]
    loss  0.5059 [ 12816/ 40000]
    loss  0.7564 [ 14416/ 40000]
    loss  0.5672 [ 16016/ 40000]
    loss  1.0589 [ 17616/ 40000]
    loss  0.7245 [ 19216/ 40000]
    loss  0.5248 [ 20816/ 40000]
    loss  0.8117 [ 22416/ 40000]
    loss  0.6763 [ 24016/ 40000]
    loss  1.3154 [ 25616/ 40000]
    loss  1.0045 [ 27216/ 40000]
    loss  0.9007 [ 28816/ 40000]
    loss  1.3851 [ 30416/ 40000]
    loss  0.6281 [ 32016/ 40000]
    loss  0.7095 [ 33616/ 40000]
    loss  1.1584 [ 35216/ 40000]
    loss  0.3877 [ 36816/ 40000]
    loss  0.6457 [ 38416/ 40000]
 train: 0.7906 | val: 0.7124 | acc: 75.10% | 11.8 min
 resume checkpoint: vgg8_epoch30.pt

==============================================================
Epoch  31/100 (lr 0.03970)
====================
    loss  0.7524 [    16/ 40000]
    loss  0.5264 [  1616/ 40000]
    loss  0.4471 [  3216/ 40000]
    loss  0.5840 [  4816/ 40000]
    loss  0.7192 [  6416/ 40000]
    loss  0.6694 [  8016/ 40000]
    loss  0.7878 [  9616/ 40000]
    loss  0.5007 [ 11216/ 40000]
    loss  0.8155 [ 12816/ 40000]
    loss  0.7234 [ 14416/ 40000]
    loss  0.2761 [ 16016/ 40000]
    loss  0.3895 [ 17616/ 40000]
    loss  0.7430 [ 19216/ 40000]
    loss  0.6057 [ 20816/ 40000]
    loss  0.7891 [ 22416/ 40000]
    loss  0.5396 [ 24016/ 40000]
    loss  1.3421 [ 25616/ 40000]
    loss  0.5684 [ 27216/ 40000]
    loss  0.7998 [ 28816/ 40000]
    loss  0.6674 [ 30416/ 40000]
    loss  1.0201 [ 32016/ 40000]
    loss  1.0305 [ 33616/ 40000]
    loss  1.1931 [ 35216/ 40000]
    loss  0.7844 [ 36816/ 40000]
    loss  0.4760 [ 38416/ 40000]
 train: 0.7745 | val: 0.7513 | acc: 74.98% | 12.2 min

==============================================================
Epoch  32/100 (lr 0.03906)
====================
    loss  0.3964 [    16/ 40000]
    loss  0.7797 [  1616/ 40000]
    loss  0.8820 [  3216/ 40000]
    loss  0.5327 [  4816/ 40000]
    loss  0.8437 [  6416/ 40000]
    loss  0.9293 [  8016/ 40000]
    loss  0.9220 [  9616/ 40000]
    loss  1.0093 [ 11216/ 40000]
    loss  0.5579 [ 12816/ 40000]
    loss  1.3195 [ 14416/ 40000]
    loss  1.1003 [ 16016/ 40000]
    loss  0.8132 [ 17616/ 40000]
    loss  0.5062 [ 19216/ 40000]
    loss  0.9248 [ 20816/ 40000]
    loss  0.5514 [ 22416/ 40000]
    loss  0.8646 [ 24016/ 40000]
    loss  1.0654 [ 25616/ 40000]
    loss  0.8046 [ 27216/ 40000]
    loss  0.8203 [ 28816/ 40000]
    loss  1.6331 [ 30416/ 40000]
    loss  0.5994 [ 32016/ 40000]
    loss  0.5208 [ 33616/ 40000]
    loss  0.5813 [ 35216/ 40000]
    loss  0.7563 [ 36816/ 40000]
    loss  1.4093 [ 38416/ 40000]
 train: 0.7643 | val: 0.6700 | acc: 77.34% | 12.6 min

==============================================================
Epoch  33/100 (lr 0.03841)
====================
    loss  0.4942 [    16/ 40000]
    loss  0.6173 [  1616/ 40000]
    loss  0.4341 [  3216/ 40000]
    loss  1.1093 [  4816/ 40000]
    loss  0.4220 [  6416/ 40000]
    loss  0.6723 [  8016/ 40000]
    loss  0.4734 [  9616/ 40000]
    loss  0.7924 [ 11216/ 40000]
    loss  0.8806 [ 12816/ 40000]
    loss  0.3568 [ 14416/ 40000]
    loss  0.3871 [ 16016/ 40000]
    loss  0.3961 [ 17616/ 40000]
    loss  0.5165 [ 19216/ 40000]
    loss  1.2832 [ 20816/ 40000]
    loss  0.3239 [ 22416/ 40000]
    loss  0.5854 [ 24016/ 40000]
    loss  0.5094 [ 25616/ 40000]
    loss  1.1707 [ 27216/ 40000]
    loss  1.0087 [ 28816/ 40000]
    loss  1.0333 [ 30416/ 40000]
    loss  0.6484 [ 32016/ 40000]
    loss  0.9956 [ 33616/ 40000]
    loss  0.4771 [ 35216/ 40000]
    loss  0.7855 [ 36816/ 40000]
    loss  0.4876 [ 38416/ 40000]
 train: 0.7627 | val: 0.7844 | acc: 74.02% | 13.0 min

==============================================================
Epoch  34/100 (lr 0.03774)
====================
    loss  1.2649 [    16/ 40000]
    loss  0.4765 [  1616/ 40000]
    loss  0.5652 [  3216/ 40000]
    loss  0.7332 [  4816/ 40000]
    loss  0.3289 [  6416/ 40000]
    loss  0.6938 [  8016/ 40000]
    loss  0.8234 [  9616/ 40000]
    loss  1.4973 [ 11216/ 40000]
    loss  0.7073 [ 12816/ 40000]
    loss  0.4283 [ 14416/ 40000]
    loss  0.4442 [ 16016/ 40000]
    loss  1.2407 [ 17616/ 40000]
    loss  1.1727 [ 19216/ 40000]
    loss  0.6666 [ 20816/ 40000]
    loss  0.3365 [ 22416/ 40000]
    loss  0.4588 [ 24016/ 40000]
    loss  0.9603 [ 25616/ 40000]
    loss  0.5976 [ 27216/ 40000]
    loss  0.4535 [ 28816/ 40000]
    loss  0.7540 [ 30416/ 40000]
    loss  0.9221 [ 32016/ 40000]
    loss  0.4275 [ 33616/ 40000]
    loss  1.2560 [ 35216/ 40000]
    loss  0.5946 [ 36816/ 40000]
    loss  0.8477 [ 38416/ 40000]
 train: 0.7564 | val: 0.6571 | acc: 77.69% | 13.4 min

==============================================================
Epoch  35/100 (lr 0.03706)
====================
    loss  0.5281 [    16/ 40000]
    loss  0.3937 [  1616/ 40000]
    loss  0.5849 [  3216/ 40000]
    loss  0.8532 [  4816/ 40000]
    loss  0.7050 [  6416/ 40000]
    loss  0.4918 [  8016/ 40000]
    loss  0.5615 [  9616/ 40000]
    loss  1.1852 [ 11216/ 40000]
    loss  0.5477 [ 12816/ 40000]
    loss  0.3384 [ 14416/ 40000]
    loss  0.7308 [ 16016/ 40000]
    loss  1.0091 [ 17616/ 40000]
    loss  0.3924 [ 19216/ 40000]
    loss  1.0157 [ 20816/ 40000]
    loss  0.5912 [ 22416/ 40000]
    loss  0.6168 [ 24016/ 40000]
    loss  0.2765 [ 25616/ 40000]
    loss  0.8233 [ 27216/ 40000]
    loss  0.9048 [ 28816/ 40000]
    loss  0.9325 [ 30416/ 40000]
    loss  0.9973 [ 32016/ 40000]
    loss  1.5880 [ 33616/ 40000]
    loss  0.9294 [ 35216/ 40000]
    loss  0.5189 [ 36816/ 40000]
    loss  0.5204 [ 38416/ 40000]
 train: 0.7496 | val: 0.6245 | acc: 78.70% | 13.9 min

==============================================================
Epoch  36/100 (lr 0.03636)
====================
    loss  0.4882 [    16/ 40000]
    loss  0.5374 [  1616/ 40000]
    loss  1.6281 [  3216/ 40000]
    loss  0.8583 [  4816/ 40000]
    loss  0.4136 [  6416/ 40000]
    loss  1.3491 [  8016/ 40000]
    loss  0.7021 [  9616/ 40000]
    loss  1.0386 [ 11216/ 40000]
    loss  0.5147 [ 12816/ 40000]
    loss  0.6468 [ 14416/ 40000]
    loss  0.5409 [ 16016/ 40000]
    loss  0.7830 [ 17616/ 40000]
    loss  0.7314 [ 19216/ 40000]
    loss  0.4783 [ 20816/ 40000]
    loss  1.1478 [ 22416/ 40000]
    loss  1.1083 [ 24016/ 40000]
    loss  0.7832 [ 25616/ 40000]
    loss  0.4798 [ 27216/ 40000]
    loss  0.7683 [ 28816/ 40000]
    loss  1.1267 [ 30416/ 40000]
    loss  0.6665 [ 32016/ 40000]
    loss  0.5017 [ 33616/ 40000]
    loss  0.9986 [ 35216/ 40000]
    loss  1.8023 [ 36816/ 40000]
    loss  0.9825 [ 38416/ 40000]
 train: 0.7406 | val: 0.7375 | acc: 74.87% | 14.2 min

==============================================================
Epoch  37/100 (lr 0.03566)
====================
    loss  0.5271 [    16/ 40000]
    loss  0.4611 [  1616/ 40000]
    loss  0.9229 [  3216/ 40000]
    loss  0.5462 [  4816/ 40000]
    loss  0.5643 [  6416/ 40000]
    loss  0.8797 [  8016/ 40000]
    loss  0.6339 [  9616/ 40000]
    loss  0.8772 [ 11216/ 40000]
    loss  0.3959 [ 12816/ 40000]
    loss  1.0129 [ 14416/ 40000]
    loss  0.6150 [ 16016/ 40000]
    loss  0.9534 [ 17616/ 40000]
    loss  1.4907 [ 19216/ 40000]
    loss  0.9378 [ 20816/ 40000]
    loss  0.6295 [ 22416/ 40000]
    loss  0.8601 [ 24016/ 40000]
    loss  1.0357 [ 25616/ 40000]
    loss  0.8483 [ 27216/ 40000]
    loss  0.8580 [ 28816/ 40000]
    loss  0.6957 [ 30416/ 40000]
    loss  0.7973 [ 32016/ 40000]
    loss  0.6970 [ 33616/ 40000]
    loss  0.3047 [ 35216/ 40000]
    loss  0.8750 [ 36816/ 40000]
    loss  0.6248 [ 38416/ 40000]
 train: 0.7416 | val: 0.6610 | acc: 76.58% | 14.6 min

==============================================================
Epoch  38/100 (lr 0.03494)
====================
    loss  0.6504 [    16/ 40000]
    loss  0.2868 [  1616/ 40000]
    loss  0.6307 [  3216/ 40000]
    loss  0.2753 [  4816/ 40000]
    loss  0.3664 [  6416/ 40000]
    loss  0.5396 [  8016/ 40000]
    loss  1.0204 [  9616/ 40000]
    loss  0.7519 [ 11216/ 40000]
    loss  0.2894 [ 12816/ 40000]
    loss  0.6770 [ 14416/ 40000]
    loss  0.3904 [ 16016/ 40000]
    loss  1.3635 [ 17616/ 40000]
    loss  0.9686 [ 19216/ 40000]
    loss  1.1124 [ 20816/ 40000]
    loss  0.2793 [ 22416/ 40000]
    loss  0.4145 [ 24016/ 40000]
    loss  0.5854 [ 25616/ 40000]
    loss  0.6648 [ 27216/ 40000]
    loss  0.8329 [ 28816/ 40000]
    loss  0.5275 [ 30416/ 40000]
    loss  0.4430 [ 32016/ 40000]
    loss  0.5880 [ 33616/ 40000]
    loss  0.2620 [ 35216/ 40000]
    loss  0.7115 [ 36816/ 40000]
    loss  0.4451 [ 38416/ 40000]
 train: 0.7302 | val: 0.6542 | acc: 77.80% | 15.0 min

==============================================================
Epoch  39/100 (lr 0.03422)
====================
    loss  0.9889 [    16/ 40000]
    loss  0.3164 [  1616/ 40000]
    loss  1.3891 [  3216/ 40000]
    loss  0.6425 [  4816/ 40000]
    loss  0.5657 [  6416/ 40000]
    loss  0.3714 [  8016/ 40000]
    loss  0.6705 [  9616/ 40000]
    loss  0.9269 [ 11216/ 40000]
    loss  0.6850 [ 12816/ 40000]
    loss  0.7547 [ 14416/ 40000]
    loss  0.3635 [ 16016/ 40000]
    loss  0.7311 [ 17616/ 40000]
    loss  0.5854 [ 19216/ 40000]
    loss  0.9415 [ 20816/ 40000]
    loss  0.5858 [ 22416/ 40000]
    loss  0.4985 [ 24016/ 40000]
    loss  1.2228 [ 25616/ 40000]
    loss  0.7340 [ 27216/ 40000]
    loss  0.7923 [ 28816/ 40000]
    loss  0.4976 [ 30416/ 40000]
    loss  1.0751 [ 32016/ 40000]
    loss  0.8980 [ 33616/ 40000]
    loss  0.8488 [ 35216/ 40000]
    loss  0.6430 [ 36816/ 40000]
    loss  0.6684 [ 38416/ 40000]
 train: 0.7190 | val: 0.7018 | acc: 76.30% | 15.4 min

==============================================================
Epoch  40/100 (lr 0.03348)
====================
    loss  0.5080 [    16/ 40000]
    loss  1.0020 [  1616/ 40000]
    loss  0.8962 [  3216/ 40000]
    loss  0.6532 [  4816/ 40000]
    loss  0.3262 [  6416/ 40000]
    loss  0.7439 [  8016/ 40000]
    loss  0.4482 [  9616/ 40000]
    loss  0.3027 [ 11216/ 40000]
    loss  1.0162 [ 12816/ 40000]
    loss  1.1889 [ 14416/ 40000]
    loss  1.3363 [ 16016/ 40000]
    loss  0.5206 [ 17616/ 40000]
    loss  0.9090 [ 19216/ 40000]
    loss  0.9667 [ 20816/ 40000]
    loss  0.6393 [ 22416/ 40000]
    loss  0.5273 [ 24016/ 40000]
    loss  1.0304 [ 25616/ 40000]
    loss  0.8331 [ 27216/ 40000]
    loss  0.4860 [ 28816/ 40000]
    loss  0.7750 [ 30416/ 40000]
    loss  0.4921 [ 32016/ 40000]
    loss  0.3152 [ 33616/ 40000]
    loss  0.4259 [ 35216/ 40000]
    loss  0.5171 [ 36816/ 40000]
    loss  0.6848 [ 38416/ 40000]
 train: 0.7127 | val: 0.7667 | acc: 73.86% | 15.8 min
 resume checkpoint: vgg8_epoch40.pt

==============================================================
Epoch  41/100 (lr 0.03274)
====================
    loss  0.4139 [    16/ 40000]
    loss  0.9059 [  1616/ 40000]
    loss  0.5278 [  3216/ 40000]
    loss  1.1162 [  4816/ 40000]
    loss  0.9489 [  6416/ 40000]
    loss  1.1105 [  8016/ 40000]
    loss  0.7424 [  9616/ 40000]
    loss  0.6257 [ 11216/ 40000]
    loss  0.8869 [ 12816/ 40000]
    loss  0.7810 [ 14416/ 40000]
    loss  0.3338 [ 16016/ 40000]
    loss  0.5593 [ 17616/ 40000]
    loss  0.6180 [ 19216/ 40000]
    loss  1.3953 [ 20816/ 40000]
    loss  0.8545 [ 22416/ 40000]
    loss  1.1255 [ 24016/ 40000]
    loss  0.9556 [ 25616/ 40000]
    loss  1.1243 [ 27216/ 40000]
    loss  0.6641 [ 28816/ 40000]
    loss  0.6389 [ 30416/ 40000]
    loss  0.5685 [ 32016/ 40000]
    loss  0.4223 [ 33616/ 40000]
    loss  0.5161 [ 35216/ 40000]
    loss  0.3801 [ 36816/ 40000]
    loss  0.5783 [ 38416/ 40000]
 train: 0.7072 | val: 0.7054 | acc: 76.35% | 16.2 min

==============================================================
Epoch  42/100 (lr 0.03199)
====================
    loss  0.3426 [    16/ 40000]
    loss  0.8583 [  1616/ 40000]
    loss  0.8804 [  3216/ 40000]
    loss  0.8643 [  4816/ 40000]
    loss  0.5864 [  6416/ 40000]
    loss  0.3070 [  8016/ 40000]
    loss  0.5053 [  9616/ 40000]
    loss  0.9301 [ 11216/ 40000]
    loss  0.3684 [ 12816/ 40000]
    loss  0.7181 [ 14416/ 40000]
    loss  0.7900 [ 16016/ 40000]
    loss  0.5172 [ 17616/ 40000]
    loss  0.7350 [ 19216/ 40000]
    loss  0.3297 [ 20816/ 40000]
    loss  0.7487 [ 22416/ 40000]
    loss  0.6538 [ 24016/ 40000]
    loss  0.4148 [ 25616/ 40000]
    loss  0.6309 [ 27216/ 40000]
    loss  0.7673 [ 28816/ 40000]
    loss  0.4768 [ 30416/ 40000]
    loss  1.2244 [ 32016/ 40000]
    loss  0.6658 [ 33616/ 40000]
    loss  1.0167 [ 35216/ 40000]
    loss  0.8751 [ 36816/ 40000]
    loss  0.3804 [ 38416/ 40000]
 train: 0.6954 | val: 0.7545 | acc: 74.67% | 16.6 min

==============================================================
Epoch  43/100 (lr 0.03124)
====================
    loss  0.9452 [    16/ 40000]
    loss  0.9594 [  1616/ 40000]
    loss  0.2887 [  3216/ 40000]
    loss  0.4785 [  4816/ 40000]
    loss  1.0026 [  6416/ 40000]
    loss  1.2431 [  8016/ 40000]
    loss  0.5427 [  9616/ 40000]
    loss  0.4550 [ 11216/ 40000]
    loss  0.5813 [ 12816/ 40000]
    loss  0.9872 [ 14416/ 40000]
    loss  0.7667 [ 16016/ 40000]
    loss  0.4641 [ 17616/ 40000]
    loss  0.5064 [ 19216/ 40000]
    loss  0.8979 [ 20816/ 40000]
    loss  0.5879 [ 22416/ 40000]
    loss  0.4504 [ 24016/ 40000]
    loss  0.8970 [ 25616/ 40000]
    loss  0.5270 [ 27216/ 40000]
    loss  0.8852 [ 28816/ 40000]
    loss  0.5317 [ 30416/ 40000]
    loss  0.7116 [ 32016/ 40000]
    loss  0.6064 [ 33616/ 40000]
    loss  0.2893 [ 35216/ 40000]
    loss  0.7555 [ 36816/ 40000]
    loss  1.0051 [ 38416/ 40000]
 train: 0.6917 | val: 0.7435 | acc: 75.20% | 17.0 min

==============================================================
Epoch  44/100 (lr 0.03047)
====================
    loss  0.5094 [    16/ 40000]
    loss  0.7009 [  1616/ 40000]
    loss  0.3259 [  3216/ 40000]
    loss  0.5996 [  4816/ 40000]
    loss  0.3439 [  6416/ 40000]
    loss  0.8766 [  8016/ 40000]
    loss  0.5305 [  9616/ 40000]
    loss  0.4844 [ 11216/ 40000]
    loss  0.5327 [ 12816/ 40000]
    loss  0.9119 [ 14416/ 40000]
    loss  0.5710 [ 16016/ 40000]
    loss  0.4187 [ 17616/ 40000]
    loss  0.4543 [ 19216/ 40000]
    loss  0.7550 [ 20816/ 40000]
    loss  0.4102 [ 22416/ 40000]
    loss  0.5575 [ 24016/ 40000]
    loss  0.8902 [ 25616/ 40000]
    loss  0.6449 [ 27216/ 40000]
    loss  0.5241 [ 28816/ 40000]
    loss  0.9162 [ 30416/ 40000]
    loss  0.5529 [ 32016/ 40000]
    loss  0.5713 [ 33616/ 40000]
    loss  0.6854 [ 35216/ 40000]
    loss  0.5093 [ 36816/ 40000]
    loss  0.6661 [ 38416/ 40000]
 train: 0.6789 | val: 0.7233 | acc: 75.38% | 17.3 min

==============================================================
Epoch  45/100 (lr 0.02970)
====================
    loss  0.7493 [    16/ 40000]
    loss  0.4773 [  1616/ 40000]
    loss  0.6835 [  3216/ 40000]
    loss  0.8617 [  4816/ 40000]
    loss  0.7494 [  6416/ 40000]
    loss  0.6248 [  8016/ 40000]
    loss  0.6535 [  9616/ 40000]
    loss  0.6647 [ 11216/ 40000]
    loss  0.4336 [ 12816/ 40000]
    loss  0.9101 [ 14416/ 40000]
    loss  1.0954 [ 16016/ 40000]
    loss  0.5025 [ 17616/ 40000]
    loss  0.3964 [ 19216/ 40000]
    loss  0.5908 [ 20816/ 40000]
    loss  0.5499 [ 22416/ 40000]
    loss  0.5890 [ 24016/ 40000]
    loss  1.3511 [ 25616/ 40000]
    loss  0.6143 [ 27216/ 40000]
    loss  0.6249 [ 28816/ 40000]
    loss  0.9342 [ 30416/ 40000]
    loss  0.7333 [ 32016/ 40000]
    loss  0.2597 [ 33616/ 40000]
    loss  0.7964 [ 35216/ 40000]
    loss  0.6720 [ 36816/ 40000]
    loss  0.8135 [ 38416/ 40000]
 train: 0.6719 | val: 0.5572 | acc: 80.92% | 17.7 min

==============================================================
Epoch  46/100 (lr 0.02893)
====================
    loss  0.3403 [    16/ 40000]
    loss  0.6309 [  1616/ 40000]
    loss  1.1332 [  3216/ 40000]
    loss  0.5817 [  4816/ 40000]
    loss  0.4511 [  6416/ 40000]
    loss  0.3521 [  8016/ 40000]
    loss  0.5055 [  9616/ 40000]
    loss  0.9363 [ 11216/ 40000]
    loss  0.2488 [ 12816/ 40000]
    loss  0.4057 [ 14416/ 40000]
    loss  0.3640 [ 16016/ 40000]
    loss  0.6492 [ 17616/ 40000]
    loss  0.5214 [ 19216/ 40000]
    loss  0.4893 [ 20816/ 40000]
    loss  0.6365 [ 22416/ 40000]
    loss  0.3798 [ 24016/ 40000]
    loss  0.5982 [ 25616/ 40000]
    loss  0.8734 [ 27216/ 40000]
    loss  0.2163 [ 28816/ 40000]
    loss  1.1024 [ 30416/ 40000]
    loss  0.5071 [ 32016/ 40000]
    loss  0.8665 [ 33616/ 40000]
    loss  0.8595 [ 35216/ 40000]
    loss  1.2020 [ 36816/ 40000]
    loss  0.1793 [ 38416/ 40000]
 train: 0.6676 | val: 0.6933 | acc: 76.51% | 18.1 min

==============================================================
Epoch  47/100 (lr 0.02816)
====================
    loss  0.6098 [    16/ 40000]
    loss  0.4306 [  1616/ 40000]
    loss  0.2597 [  3216/ 40000]
    loss  0.5305 [  4816/ 40000]
    loss  0.7170 [  6416/ 40000]
    loss  0.5469 [  8016/ 40000]
    loss  0.6172 [  9616/ 40000]
    loss  0.7739 [ 11216/ 40000]
    loss  0.6210 [ 12816/ 40000]
    loss  0.5485 [ 14416/ 40000]
    loss  0.6525 [ 16016/ 40000]
    loss  0.4483 [ 17616/ 40000]
    loss  0.8179 [ 19216/ 40000]
    loss  0.6560 [ 20816/ 40000]
    loss  0.7747 [ 22416/ 40000]
    loss  0.5149 [ 24016/ 40000]
    loss  0.5316 [ 25616/ 40000]
    loss  0.5956 [ 27216/ 40000]
    loss  0.3059 [ 28816/ 40000]
    loss  0.7434 [ 30416/ 40000]
    loss  0.7515 [ 32016/ 40000]
    loss  0.8685 [ 33616/ 40000]
    loss  0.4805 [ 35216/ 40000]
    loss  0.4839 [ 36816/ 40000]
    loss  0.3818 [ 38416/ 40000]
 train: 0.6594 | val: 0.6479 | acc: 78.25% | 18.5 min

==============================================================
Epoch  48/100 (lr 0.02738)
====================
    loss  0.6109 [    16/ 40000]
    loss  0.5567 [  1616/ 40000]
    loss  1.0274 [  3216/ 40000]
    loss  0.3142 [  4816/ 40000]
    loss  0.7596 [  6416/ 40000]
    loss  0.4171 [  8016/ 40000]
    loss  0.3550 [  9616/ 40000]
    loss  0.8075 [ 11216/ 40000]
    loss  0.3836 [ 12816/ 40000]
    loss  0.7608 [ 14416/ 40000]
    loss  0.6506 [ 16016/ 40000]
    loss  0.9150 [ 17616/ 40000]
    loss  0.7368 [ 19216/ 40000]
    loss  0.3414 [ 20816/ 40000]
    loss  0.5995 [ 22416/ 40000]
    loss  0.6536 [ 24016/ 40000]
    loss  1.3602 [ 25616/ 40000]
    loss  0.3856 [ 27216/ 40000]
    loss  0.6272 [ 28816/ 40000]
    loss  0.1940 [ 30416/ 40000]
    loss  1.5109 [ 32016/ 40000]
    loss  0.5238 [ 33616/ 40000]
    loss  0.4590 [ 35216/ 40000]
    loss  0.4769 [ 36816/ 40000]
    loss  0.6142 [ 38416/ 40000]
 train: 0.6465 | val: 0.6078 | acc: 78.52% | 18.9 min

==============================================================
Epoch  49/100 (lr 0.02659)
====================
    loss  0.5678 [    16/ 40000]
    loss  1.2850 [  1616/ 40000]
    loss  0.4492 [  3216/ 40000]
    loss  0.5723 [  4816/ 40000]
    loss  0.3705 [  6416/ 40000]
    loss  0.5247 [  8016/ 40000]
    loss  1.0158 [  9616/ 40000]
    loss  0.7886 [ 11216/ 40000]
    loss  1.1939 [ 12816/ 40000]
    loss  0.4208 [ 14416/ 40000]
    loss  0.7783 [ 16016/ 40000]
    loss  0.7172 [ 17616/ 40000]
    loss  0.7714 [ 19216/ 40000]
    loss  0.9275 [ 20816/ 40000]
    loss  0.7633 [ 22416/ 40000]
    loss  0.8823 [ 24016/ 40000]
    loss  0.8739 [ 25616/ 40000]
    loss  0.9112 [ 27216/ 40000]
    loss  0.7199 [ 28816/ 40000]
    loss  0.6974 [ 30416/ 40000]
    loss  0.6813 [ 32016/ 40000]
    loss  0.5501 [ 33616/ 40000]
    loss  0.9980 [ 35216/ 40000]
    loss  0.9999 [ 36816/ 40000]
    loss  0.5192 [ 38416/ 40000]
 train: 0.6327 | val: 0.5513 | acc: 81.08% | 19.3 min

==============================================================
Epoch  50/100 (lr 0.02581)
====================
    loss  0.5049 [    16/ 40000]
    loss  0.8544 [  1616/ 40000]
    loss  0.7703 [  3216/ 40000]
    loss  0.7447 [  4816/ 40000]
    loss  0.7263 [  6416/ 40000]
    loss  0.1654 [  8016/ 40000]
    loss  0.3483 [  9616/ 40000]
    loss  0.5504 [ 11216/ 40000]
    loss  0.5234 [ 12816/ 40000]
    loss  0.8394 [ 14416/ 40000]
    loss  0.4017 [ 16016/ 40000]
    loss  0.4129 [ 17616/ 40000]
    loss  0.2145 [ 19216/ 40000]
    loss  0.3296 [ 20816/ 40000]
    loss  0.3099 [ 22416/ 40000]
    loss  0.3920 [ 24016/ 40000]
    loss  0.7375 [ 25616/ 40000]
    loss  0.8207 [ 27216/ 40000]
    loss  0.7604 [ 28816/ 40000]
    loss  1.1754 [ 30416/ 40000]
    loss  0.5759 [ 32016/ 40000]
    loss  0.5003 [ 33616/ 40000]
    loss  0.3234 [ 35216/ 40000]
    loss  0.5364 [ 36816/ 40000]
    loss  0.4911 [ 38416/ 40000]
 train: 0.6271 | val: 0.6087 | acc: 79.20% | 19.7 min
 resume checkpoint: vgg8_epoch50.pt

==============================================================
Epoch  51/100 (lr 0.02503)
====================
    loss  0.4221 [    16/ 40000]
    loss  0.4195 [  1616/ 40000]
    loss  0.2168 [  3216/ 40000]
    loss  0.3031 [  4816/ 40000]
    loss  0.1927 [  6416/ 40000]
    loss  0.2076 [  8016/ 40000]
    loss  0.3356 [  9616/ 40000]
    loss  1.3856 [ 11216/ 40000]
    loss  0.6897 [ 12816/ 40000]
    loss  0.3013 [ 14416/ 40000]
    loss  0.4529 [ 16016/ 40000]
    loss  0.6315 [ 17616/ 40000]
    loss  0.4002 [ 19216/ 40000]
    loss  0.4506 [ 20816/ 40000]
    loss  0.4052 [ 22416/ 40000]
    loss  0.7189 [ 24016/ 40000]
    loss  0.7998 [ 25616/ 40000]
    loss  0.8945 [ 27216/ 40000]
    loss  0.4697 [ 28816/ 40000]
    loss  0.6712 [ 30416/ 40000]
    loss  0.2656 [ 32016/ 40000]
    loss  0.7000 [ 33616/ 40000]
    loss  0.4397 [ 35216/ 40000]
    loss  0.2558 [ 36816/ 40000]
    loss  0.7244 [ 38416/ 40000]
 train: 0.6215 | val: 0.5832 | acc: 80.66% | 20.0 min

==============================================================
Epoch  52/100 (lr 0.02424)
====================
    loss  0.4415 [    16/ 40000]
    loss  0.6272 [  1616/ 40000]
    loss  0.5399 [  3216/ 40000]
    loss  0.6548 [  4816/ 40000]
    loss  0.9333 [  6416/ 40000]
    loss  0.9267 [  8016/ 40000]
    loss  1.1696 [  9616/ 40000]
    loss  0.4883 [ 11216/ 40000]
    loss  0.6206 [ 12816/ 40000]
    loss  0.3991 [ 14416/ 40000]
    loss  0.8894 [ 16016/ 40000]
    loss  0.6636 [ 17616/ 40000]
    loss  0.1461 [ 19216/ 40000]
    loss  0.2902 [ 20816/ 40000]
    loss  0.5938 [ 22416/ 40000]
    loss  0.6305 [ 24016/ 40000]
    loss  0.7987 [ 25616/ 40000]
    loss  0.5043 [ 27216/ 40000]
    loss  0.5289 [ 28816/ 40000]
    loss  0.3503 [ 30416/ 40000]
    loss  0.7616 [ 32016/ 40000]
    loss  0.2199 [ 33616/ 40000]
    loss  0.8084 [ 35216/ 40000]
    loss  1.1347 [ 36816/ 40000]
    loss  0.7285 [ 38416/ 40000]
 train: 0.6199 | val: 0.5691 | acc: 80.80% | 20.4 min

==============================================================
Epoch  53/100 (lr 0.02346)
====================
    loss  0.9547 [    16/ 40000]
    loss  0.4689 [  1616/ 40000]
    loss  0.6562 [  3216/ 40000]
    loss  0.8548 [  4816/ 40000]
    loss  0.7905 [  6416/ 40000]
    loss  0.2080 [  8016/ 40000]
    loss  0.3288 [  9616/ 40000]
    loss  0.5991 [ 11216/ 40000]
    loss  0.3795 [ 12816/ 40000]
    loss  0.6163 [ 14416/ 40000]
    loss  0.4434 [ 16016/ 40000]
    loss  0.5088 [ 17616/ 40000]
    loss  0.5120 [ 19216/ 40000]
    loss  0.3564 [ 20816/ 40000]
    loss  0.7532 [ 22416/ 40000]
    loss  0.3914 [ 24016/ 40000]
    loss  0.7301 [ 25616/ 40000]
    loss  0.4680 [ 27216/ 40000]
    loss  0.0872 [ 28816/ 40000]
    loss  0.4862 [ 30416/ 40000]
    loss  0.5573 [ 32016/ 40000]
    loss  0.5072 [ 33616/ 40000]
    loss  0.9626 [ 35216/ 40000]
    loss  0.4343 [ 36816/ 40000]
    loss  0.5176 [ 38416/ 40000]
 train: 0.6026 | val: 0.5000 | acc: 83.13% | 20.8 min

==============================================================
Epoch  54/100 (lr 0.02267)
====================
    loss  0.7231 [    16/ 40000]
    loss  0.5243 [  1616/ 40000]
    loss  0.6962 [  3216/ 40000]
    loss  0.2627 [  4816/ 40000]
    loss  0.2739 [  6416/ 40000]
    loss  0.5496 [  8016/ 40000]
    loss  0.7647 [  9616/ 40000]
    loss  0.3208 [ 11216/ 40000]
    loss  0.4046 [ 12816/ 40000]
    loss  0.4435 [ 14416/ 40000]
    loss  0.5462 [ 16016/ 40000]
    loss  0.5234 [ 17616/ 40000]
    loss  0.3641 [ 19216/ 40000]
    loss  0.5186 [ 20816/ 40000]
    loss  0.2457 [ 22416/ 40000]
    loss  0.2755 [ 24016/ 40000]
    loss  0.5902 [ 25616/ 40000]
    loss  0.3630 [ 27216/ 40000]
    loss  0.4998 [ 28816/ 40000]
    loss  0.5589 [ 30416/ 40000]
    loss  0.9179 [ 32016/ 40000]
    loss  0.2835 [ 33616/ 40000]
    loss  0.3128 [ 35216/ 40000]
    loss  0.5673 [ 36816/ 40000]
    loss  0.1330 [ 38416/ 40000]
 train: 0.5943 | val: 0.6114 | acc: 80.07% | 21.2 min

==============================================================
Epoch  55/100 (lr 0.02189)
====================
    loss  0.4117 [    16/ 40000]
    loss  0.2479 [  1616/ 40000]
    loss  0.6292 [  3216/ 40000]
    loss  0.4527 [  4816/ 40000]
    loss  0.3233 [  6416/ 40000]
    loss  1.5127 [  8016/ 40000]
    loss  0.5547 [  9616/ 40000]
    loss  0.2142 [ 11216/ 40000]
    loss  0.3362 [ 12816/ 40000]
    loss  0.8413 [ 14416/ 40000]
    loss  0.4445 [ 16016/ 40000]
    loss  0.6320 [ 17616/ 40000]
    loss  0.1685 [ 19216/ 40000]
    loss  0.6260 [ 20816/ 40000]
    loss  0.4495 [ 22416/ 40000]
    loss  0.4478 [ 24016/ 40000]
    loss  0.9116 [ 25616/ 40000]
    loss  0.4245 [ 27216/ 40000]
    loss  0.7167 [ 28816/ 40000]
    loss  0.7552 [ 30416/ 40000]
    loss  0.4522 [ 32016/ 40000]
    loss  0.2497 [ 33616/ 40000]
    loss  0.7243 [ 35216/ 40000]
    loss  0.1620 [ 36816/ 40000]
    loss  0.7644 [ 38416/ 40000]
 train: 0.5826 | val: 0.5562 | acc: 81.45% | 21.6 min

==============================================================
Epoch  56/100 (lr 0.02112)
====================
    loss  0.3095 [    16/ 40000]
    loss  0.6630 [  1616/ 40000]
    loss  0.3926 [  3216/ 40000]
    loss  0.3362 [  4816/ 40000]
    loss  0.8886 [  6416/ 40000]
    loss  0.4231 [  8016/ 40000]
    loss  0.6319 [  9616/ 40000]
    loss  0.4153 [ 11216/ 40000]
    loss  0.8876 [ 12816/ 40000]
    loss  0.2609 [ 14416/ 40000]
    loss  0.6531 [ 16016/ 40000]
    loss  0.4277 [ 17616/ 40000]
    loss  0.2682 [ 19216/ 40000]
    loss  0.5135 [ 20816/ 40000]
    loss  0.3317 [ 22416/ 40000]
    loss  0.2590 [ 24016/ 40000]
    loss  0.4605 [ 25616/ 40000]
    loss  1.2119 [ 27216/ 40000]
    loss  0.3744 [ 28816/ 40000]
    loss  0.4514 [ 30416/ 40000]
    loss  0.4049 [ 32016/ 40000]
    loss  0.7882 [ 33616/ 40000]
    loss  0.7062 [ 35216/ 40000]
    loss  0.6297 [ 36816/ 40000]
    loss  0.7545 [ 38416/ 40000]
 train: 0.5701 | val: 0.5716 | acc: 80.87% | 22.0 min

==============================================================
Epoch  57/100 (lr 0.02035)
====================
    loss  0.5753 [    16/ 40000]
    loss  0.1787 [  1616/ 40000]
    loss  0.5349 [  3216/ 40000]
    loss  0.8698 [  4816/ 40000]
    loss  0.4946 [  6416/ 40000]
    loss  0.7624 [  8016/ 40000]
    loss  0.8350 [  9616/ 40000]
    loss  0.4053 [ 11216/ 40000]
    loss  0.2115 [ 12816/ 40000]
    loss  0.2567 [ 14416/ 40000]
    loss  0.5259 [ 16016/ 40000]
    loss  0.4169 [ 17616/ 40000]
    loss  0.5950 [ 19216/ 40000]
    loss  0.6438 [ 20816/ 40000]
    loss  0.3772 [ 22416/ 40000]
    loss  1.0583 [ 24016/ 40000]
    loss  0.6147 [ 25616/ 40000]
    loss  0.8517 [ 27216/ 40000]
    loss  0.5714 [ 28816/ 40000]
    loss  0.7681 [ 30416/ 40000]
    loss  0.6351 [ 32016/ 40000]
    loss  0.9037 [ 33616/ 40000]
    loss  0.5714 [ 35216/ 40000]
    loss  0.9197 [ 36816/ 40000]
    loss  0.7010 [ 38416/ 40000]
 train: 0.5656 | val: 0.6093 | acc: 79.39% | 22.4 min

==============================================================
Epoch  58/100 (lr 0.01958)
====================
    loss  0.7323 [    16/ 40000]
    loss  0.1404 [  1616/ 40000]
    loss  0.5714 [  3216/ 40000]
    loss  0.5161 [  4816/ 40000]
    loss  0.3181 [  6416/ 40000]
    loss  0.6516 [  8016/ 40000]
    loss  1.0932 [  9616/ 40000]
    loss  0.1630 [ 11216/ 40000]
    loss  0.4691 [ 12816/ 40000]
    loss  0.5521 [ 14416/ 40000]
    loss  0.7190 [ 16016/ 40000]
    loss  0.5412 [ 17616/ 40000]
    loss  0.4599 [ 19216/ 40000]
    loss  0.7912 [ 20816/ 40000]
    loss  0.6299 [ 22416/ 40000]
    loss  0.5149 [ 24016/ 40000]
    loss  0.4717 [ 25616/ 40000]
    loss  0.2867 [ 27216/ 40000]
    loss  0.5809 [ 28816/ 40000]
    loss  0.4635 [ 30416/ 40000]
    loss  0.4892 [ 32016/ 40000]
    loss  0.1598 [ 33616/ 40000]
    loss  0.7707 [ 35216/ 40000]
    loss  0.7829 [ 36816/ 40000]
    loss  0.5821 [ 38416/ 40000]
 train: 0.5524 | val: 0.5399 | acc: 81.21% | 22.8 min

==============================================================
Epoch  59/100 (lr 0.01881)
====================
    loss  0.2941 [    16/ 40000]
    loss  0.8249 [  1616/ 40000]
    loss  0.3452 [  3216/ 40000]
    loss  0.3929 [  4816/ 40000]
    loss  0.2768 [  6416/ 40000]
    loss  1.1583 [  8016/ 40000]
    loss  0.6016 [  9616/ 40000]
    loss  0.3389 [ 11216/ 40000]
    loss  0.4381 [ 12816/ 40000]
    loss  0.5795 [ 14416/ 40000]
    loss  0.3795 [ 16016/ 40000]
    loss  0.7930 [ 17616/ 40000]
    loss  0.7802 [ 19216/ 40000]
    loss  0.9329 [ 20816/ 40000]
    loss  1.2984 [ 22416/ 40000]
    loss  0.5277 [ 24016/ 40000]
    loss  0.5934 [ 25616/ 40000]
    loss  0.5799 [ 27216/ 40000]
    loss  0.8218 [ 28816/ 40000]
    loss  0.5529 [ 30416/ 40000]
    loss  0.5066 [ 32016/ 40000]
    loss  1.0700 [ 33616/ 40000]
    loss  0.4547 [ 35216/ 40000]
    loss  0.5286 [ 36816/ 40000]
    loss  0.7968 [ 38416/ 40000]
 train: 0.5384 | val: 0.4603 | acc: 83.94% | 23.2 min

==============================================================
Epoch  60/100 (lr 0.01806)
====================
    loss  0.6300 [    16/ 40000]
    loss  0.8760 [  1616/ 40000]
    loss  0.6850 [  3216/ 40000]
    loss  0.8311 [  4816/ 40000]
    loss  0.5843 [  6416/ 40000]
    loss  0.1486 [  8016/ 40000]
    loss  0.4395 [  9616/ 40000]
    loss  0.1354 [ 11216/ 40000]
    loss  0.5770 [ 12816/ 40000]
    loss  0.2927 [ 14416/ 40000]
    loss  0.6896 [ 16016/ 40000]
    loss  0.3056 [ 17616/ 40000]
    loss  0.5233 [ 19216/ 40000]
    loss  0.3697 [ 20816/ 40000]
    loss  0.7529 [ 22416/ 40000]
    loss  1.0201 [ 24016/ 40000]
    loss  0.6028 [ 25616/ 40000]
    loss  0.3513 [ 27216/ 40000]
    loss  0.5132 [ 28816/ 40000]
    loss  0.4756 [ 30416/ 40000]
    loss  0.4187 [ 32016/ 40000]
    loss  0.7093 [ 33616/ 40000]
    loss  0.2219 [ 35216/ 40000]
    loss  0.4363 [ 36816/ 40000]
    loss  0.3880 [ 38416/ 40000]
 train: 0.5252 | val: 0.5127 | acc: 82.50% | 23.5 min
 resume checkpoint: vgg8_epoch60.pt

==============================================================
Epoch  61/100 (lr 0.01731)
====================
    loss  0.4573 [    16/ 40000]
    loss  0.2614 [  1616/ 40000]
    loss  0.4478 [  3216/ 40000]
    loss  0.8731 [  4816/ 40000]
    loss  0.5125 [  6416/ 40000]
    loss  0.5651 [  8016/ 40000]
    loss  0.2650 [  9616/ 40000]
    loss  0.1451 [ 11216/ 40000]
    loss  1.0014 [ 12816/ 40000]
    loss  0.8863 [ 14416/ 40000]
    loss  0.4991 [ 16016/ 40000]
    loss  0.1471 [ 17616/ 40000]
    loss  0.3288 [ 19216/ 40000]
    loss  0.4848 [ 20816/ 40000]
    loss  0.7954 [ 22416/ 40000]
    loss  0.8517 [ 24016/ 40000]
    loss  0.5449 [ 25616/ 40000]
    loss  0.6102 [ 27216/ 40000]
    loss  0.4017 [ 28816/ 40000]
    loss  0.8393 [ 30416/ 40000]
    loss  0.7993 [ 32016/ 40000]
    loss  0.4406 [ 33616/ 40000]
    loss  0.1361 [ 35216/ 40000]
    loss  1.1896 [ 36816/ 40000]
    loss  0.6214 [ 38416/ 40000]
 train: 0.5194 | val: 0.4918 | acc: 83.01% | 23.9 min

==============================================================
Epoch  62/100 (lr 0.01657)
====================
    loss  0.6501 [    16/ 40000]
    loss  0.7840 [  1616/ 40000]
    loss  0.0797 [  3216/ 40000]
    loss  0.5477 [  4816/ 40000]
    loss  0.5307 [  6416/ 40000]
    loss  0.3935 [  8016/ 40000]
    loss  0.3389 [  9616/ 40000]
    loss  0.5038 [ 11216/ 40000]
    loss  0.2722 [ 12816/ 40000]
    loss  0.3697 [ 14416/ 40000]
    loss  0.4755 [ 16016/ 40000]
    loss  0.4138 [ 17616/ 40000]
    loss  0.3811 [ 19216/ 40000]
    loss  0.8203 [ 20816/ 40000]
    loss  1.0177 [ 22416/ 40000]
    loss  0.4068 [ 24016/ 40000]
    loss  0.3747 [ 25616/ 40000]
    loss  0.5410 [ 27216/ 40000]
    loss  0.5166 [ 28816/ 40000]
    loss  0.3211 [ 30416/ 40000]
    loss  0.3793 [ 32016/ 40000]
    loss  0.8830 [ 33616/ 40000]
    loss  0.3146 [ 35216/ 40000]
    loss  0.4198 [ 36816/ 40000]
    loss  0.6452 [ 38416/ 40000]
 train: 0.5039 | val: 0.4646 | acc: 83.99% | 24.3 min

==============================================================
Epoch  63/100 (lr 0.01583)
====================
    loss  0.2477 [    16/ 40000]
    loss  0.2086 [  1616/ 40000]
    loss  1.0210 [  3216/ 40000]
    loss  0.1907 [  4816/ 40000]
    loss  0.4069 [  6416/ 40000]
    loss  0.3427 [  8016/ 40000]
    loss  0.3776 [  9616/ 40000]
    loss  0.2080 [ 11216/ 40000]
    loss  0.4488 [ 12816/ 40000]
    loss  0.2338 [ 14416/ 40000]
    loss  0.1280 [ 16016/ 40000]
    loss  0.5263 [ 17616/ 40000]
    loss  0.3072 [ 19216/ 40000]
    loss  0.4540 [ 20816/ 40000]
    loss  0.5123 [ 22416/ 40000]
    loss  0.4142 [ 24016/ 40000]
    loss  0.4590 [ 25616/ 40000]
    loss  0.2660 [ 27216/ 40000]
    loss  0.7377 [ 28816/ 40000]
    loss  0.7694 [ 30416/ 40000]
    loss  0.8878 [ 32016/ 40000]
    loss  0.4899 [ 33616/ 40000]
    loss  0.3168 [ 35216/ 40000]
    loss  0.6872 [ 36816/ 40000]
    loss  0.4609 [ 38416/ 40000]
 train: 0.4909 | val: 0.4785 | acc: 83.70% | 24.7 min

==============================================================
Epoch  64/100 (lr 0.01511)
====================
    loss  0.6751 [    16/ 40000]
    loss  0.5878 [  1616/ 40000]
    loss  0.4723 [  3216/ 40000]
    loss  0.4093 [  4816/ 40000]
    loss  0.3471 [  6416/ 40000]
    loss  0.5638 [  8016/ 40000]
    loss  0.5881 [  9616/ 40000]
    loss  0.3654 [ 11216/ 40000]
    loss  0.5655 [ 12816/ 40000]
    loss  0.5550 [ 14416/ 40000]
    loss  0.2499 [ 16016/ 40000]
    loss  0.3082 [ 17616/ 40000]
    loss  1.0204 [ 19216/ 40000]
    loss  0.1941 [ 20816/ 40000]
    loss  0.3955 [ 22416/ 40000]
    loss  0.3279 [ 24016/ 40000]
    loss  0.4038 [ 25616/ 40000]
    loss  0.3113 [ 27216/ 40000]
    loss  0.4997 [ 28816/ 40000]
    loss  0.7510 [ 30416/ 40000]
    loss  0.3548 [ 32016/ 40000]
    loss  0.8673 [ 33616/ 40000]
    loss  0.4428 [ 35216/ 40000]
    loss  1.3770 [ 36816/ 40000]
    loss  0.4637 [ 38416/ 40000]
 train: 0.4785 | val: 0.4979 | acc: 82.45% | 25.1 min

==============================================================
Epoch  65/100 (lr 0.01439)
====================
    loss  0.3678 [    16/ 40000]
    loss  0.8083 [  1616/ 40000]
    loss  0.4894 [  3216/ 40000]
    loss  0.2485 [  4816/ 40000]
    loss  0.2565 [  6416/ 40000]
    loss  0.3758 [  8016/ 40000]
    loss  0.3163 [  9616/ 40000]
    loss  0.4160 [ 11216/ 40000]
    loss  0.2421 [ 12816/ 40000]
    loss  0.3654 [ 14416/ 40000]
    loss  1.0256 [ 16016/ 40000]
    loss  0.4006 [ 17616/ 40000]
    loss  0.1185 [ 19216/ 40000]
    loss  0.3660 [ 20816/ 40000]
    loss  0.4626 [ 22416/ 40000]
    loss  0.6814 [ 24016/ 40000]
    loss  0.2380 [ 25616/ 40000]
    loss  0.3267 [ 27216/ 40000]
    loss  0.4749 [ 28816/ 40000]
    loss  0.6708 [ 30416/ 40000]
    loss  0.2911 [ 32016/ 40000]
    loss  0.6375 [ 33616/ 40000]
    loss  0.6664 [ 35216/ 40000]
    loss  0.4349 [ 36816/ 40000]
    loss  0.6449 [ 38416/ 40000]
 train: 0.4669 | val: 0.4219 | acc: 85.47% | 25.5 min

==============================================================
Epoch  66/100 (lr 0.01369)
====================
    loss  0.5966 [    16/ 40000]
    loss  0.4646 [  1616/ 40000]
    loss  0.2994 [  3216/ 40000]
    loss  0.9887 [  4816/ 40000]
    loss  0.7393 [  6416/ 40000]
    loss  0.5391 [  8016/ 40000]
    loss  0.8002 [  9616/ 40000]
    loss  0.7250 [ 11216/ 40000]
    loss  0.4325 [ 12816/ 40000]
    loss  0.2922 [ 14416/ 40000]
    loss  0.1364 [ 16016/ 40000]
    loss  0.4870 [ 17616/ 40000]
    loss  0.1593 [ 19216/ 40000]
    loss  0.5275 [ 20816/ 40000]
    loss  0.6794 [ 22416/ 40000]
    loss  0.6450 [ 24016/ 40000]
    loss  0.1525 [ 25616/ 40000]
    loss  0.1939 [ 27216/ 40000]
    loss  0.5026 [ 28816/ 40000]
    loss  0.7132 [ 30416/ 40000]
    loss  0.5076 [ 32016/ 40000]
    loss  0.5198 [ 33616/ 40000]
    loss  0.3325 [ 35216/ 40000]
    loss  0.2841 [ 36816/ 40000]
    loss  0.6598 [ 38416/ 40000]
 train: 0.4554 | val: 0.4888 | acc: 82.92% | 25.9 min

==============================================================
Epoch  67/100 (lr 0.01299)
====================
    loss  0.5761 [    16/ 40000]
    loss  0.6758 [  1616/ 40000]
    loss  0.4821 [  3216/ 40000]
    loss  0.4813 [  4816/ 40000]
    loss  0.5153 [  6416/ 40000]
    loss  0.2894 [  8016/ 40000]
    loss  0.5938 [  9616/ 40000]
    loss  0.4962 [ 11216/ 40000]
    loss  0.3286 [ 12816/ 40000]
    loss  1.0640 [ 14416/ 40000]
    loss  0.4455 [ 16016/ 40000]
    loss  0.9296 [ 17616/ 40000]
    loss  0.2328 [ 19216/ 40000]
    loss  0.4503 [ 20816/ 40000]
    loss  0.6346 [ 22416/ 40000]
    loss  0.7311 [ 24016/ 40000]
    loss  0.6081 [ 25616/ 40000]
    loss  0.6965 [ 27216/ 40000]
    loss  0.6885 [ 28816/ 40000]
    loss  0.3862 [ 30416/ 40000]
    loss  0.3711 [ 32016/ 40000]
    loss  0.6138 [ 33616/ 40000]
    loss  0.2743 [ 35216/ 40000]
    loss  0.2420 [ 36816/ 40000]
    loss  0.5398 [ 38416/ 40000]
 train: 0.4394 | val: 0.4686 | acc: 84.19% | 26.3 min

==============================================================
Epoch  68/100 (lr 0.01231)
====================
    loss  0.1707 [    16/ 40000]
    loss  0.3848 [  1616/ 40000]
    loss  0.5394 [  3216/ 40000]
    loss  0.2719 [  4816/ 40000]
    loss  0.5602 [  6416/ 40000]
    loss  0.2192 [  8016/ 40000]
    loss  0.3968 [  9616/ 40000]
    loss  0.4713 [ 11216/ 40000]
    loss  0.1910 [ 12816/ 40000]
    loss  0.8095 [ 14416/ 40000]
    loss  0.6578 [ 16016/ 40000]
    loss  0.5881 [ 17616/ 40000]
    loss  0.6510 [ 19216/ 40000]
    loss  0.5019 [ 20816/ 40000]
    loss  0.3274 [ 22416/ 40000]
    loss  0.1859 [ 24016/ 40000]
    loss  0.5057 [ 25616/ 40000]
    loss  0.6846 [ 27216/ 40000]
    loss  0.0713 [ 28816/ 40000]
    loss  0.6201 [ 30416/ 40000]
    loss  0.3576 [ 32016/ 40000]
    loss  0.6282 [ 33616/ 40000]
    loss  0.2890 [ 35216/ 40000]
    loss  0.4621 [ 36816/ 40000]
    loss  0.2374 [ 38416/ 40000]
 train: 0.4275 | val: 0.4215 | acc: 85.45% | 26.6 min

==============================================================
Epoch  69/100 (lr 0.01164)
====================
    loss  0.4253 [    16/ 40000]
    loss  0.7408 [  1616/ 40000]
    loss  0.4813 [  3216/ 40000]
    loss  0.5458 [  4816/ 40000]
    loss  0.7333 [  6416/ 40000]
    loss  0.2984 [  8016/ 40000]
    loss  0.3347 [  9616/ 40000]
    loss  0.1265 [ 11216/ 40000]
    loss  0.4516 [ 12816/ 40000]
    loss  0.2029 [ 14416/ 40000]
    loss  0.4660 [ 16016/ 40000]
    loss  1.1128 [ 17616/ 40000]
    loss  0.4998 [ 19216/ 40000]
    loss  0.5251 [ 20816/ 40000]
    loss  0.5241 [ 22416/ 40000]
    loss  0.2777 [ 24016/ 40000]
    loss  0.4865 [ 25616/ 40000]
    loss  0.5619 [ 27216/ 40000]
    loss  0.2724 [ 28816/ 40000]
    loss  0.2708 [ 30416/ 40000]
    loss  0.2125 [ 32016/ 40000]
    loss  0.1976 [ 33616/ 40000]
    loss  0.3647 [ 35216/ 40000]
    loss  0.6707 [ 36816/ 40000]
    loss  0.6821 [ 38416/ 40000]
 train: 0.4125 | val: 0.4412 | acc: 85.01% | 27.0 min

==============================================================
Epoch  70/100 (lr 0.01099)
====================
    loss  0.4968 [    16/ 40000]
    loss  0.1487 [  1616/ 40000]
    loss  0.1521 [  3216/ 40000]
    loss  0.6208 [  4816/ 40000]
    loss  0.3162 [  6416/ 40000]
    loss  0.2290 [  8016/ 40000]
    loss  0.2451 [  9616/ 40000]
    loss  0.2061 [ 11216/ 40000]
    loss  0.4593 [ 12816/ 40000]
    loss  0.8682 [ 14416/ 40000]
    loss  0.1906 [ 16016/ 40000]
    loss  0.5279 [ 17616/ 40000]
    loss  0.2945 [ 19216/ 40000]
    loss  0.1639 [ 20816/ 40000]
    loss  0.3825 [ 22416/ 40000]
    loss  0.4924 [ 24016/ 40000]
    loss  0.3627 [ 25616/ 40000]
    loss  0.2450 [ 27216/ 40000]
    loss  0.0943 [ 28816/ 40000]
    loss  0.3222 [ 30416/ 40000]
    loss  0.8158 [ 32016/ 40000]
    loss  0.5857 [ 33616/ 40000]
    loss  0.1061 [ 35216/ 40000]
    loss  0.2711 [ 36816/ 40000]
    loss  0.3569 [ 38416/ 40000]
 train: 0.4004 | val: 0.4582 | acc: 84.47% | 27.4 min
 resume checkpoint: vgg8_epoch70.pt

==============================================================
Epoch  71/100 (lr 0.01035)
====================
    loss  0.1953 [    16/ 40000]
    loss  0.5877 [  1616/ 40000]
    loss  0.3212 [  3216/ 40000]
    loss  0.3562 [  4816/ 40000]
    loss  0.4363 [  6416/ 40000]
    loss  0.0792 [  8016/ 40000]
    loss  0.1246 [  9616/ 40000]
    loss  0.2758 [ 11216/ 40000]
    loss  0.3560 [ 12816/ 40000]
    loss  0.1626 [ 14416/ 40000]
    loss  0.1818 [ 16016/ 40000]
    loss  0.8746 [ 17616/ 40000]
    loss  0.1122 [ 19216/ 40000]
    loss  0.7611 [ 20816/ 40000]
    loss  0.5717 [ 22416/ 40000]
    loss  0.2294 [ 24016/ 40000]
    loss  0.2261 [ 25616/ 40000]
    loss  0.0703 [ 27216/ 40000]
    loss  0.3508 [ 28816/ 40000]
    loss  0.5296 [ 30416/ 40000]
    loss  0.2397 [ 32016/ 40000]
    loss  0.4614 [ 33616/ 40000]
    loss  1.0280 [ 35216/ 40000]
    loss  0.2435 [ 36816/ 40000]
    loss  0.3654 [ 38416/ 40000]
 train: 0.3885 | val: 0.4428 | acc: 84.67% | 27.8 min

==============================================================
Epoch  72/100 (lr 0.00972)
====================
    loss  0.3541 [    16/ 40000]
    loss  0.8850 [  1616/ 40000]
    loss  0.3008 [  3216/ 40000]
    loss  0.5548 [  4816/ 40000]
    loss  0.2283 [  6416/ 40000]
    loss  0.0597 [  8016/ 40000]
    loss  0.2048 [  9616/ 40000]
    loss  0.2116 [ 11216/ 40000]
    loss  0.3613 [ 12816/ 40000]
    loss  0.2216 [ 14416/ 40000]
    loss  0.3428 [ 16016/ 40000]
    loss  0.3611 [ 17616/ 40000]
    loss  0.1927 [ 19216/ 40000]
    loss  0.3152 [ 20816/ 40000]
    loss  0.5814 [ 22416/ 40000]
    loss  0.0727 [ 24016/ 40000]
    loss  0.3652 [ 25616/ 40000]
    loss  0.4206 [ 27216/ 40000]
    loss  0.4192 [ 28816/ 40000]
    loss  0.3244 [ 30416/ 40000]
    loss  0.8203 [ 32016/ 40000]
    loss  0.0745 [ 33616/ 40000]
    loss  0.8722 [ 35216/ 40000]
    loss  0.1721 [ 36816/ 40000]
    loss  0.1279 [ 38416/ 40000]
 train: 0.3721 | val: 0.3963 | acc: 86.46% | 28.2 min

==============================================================
Epoch  73/100 (lr 0.00911)
====================
    loss  0.2222 [    16/ 40000]
    loss  0.1702 [  1616/ 40000]
    loss  0.3468 [  3216/ 40000]
    loss  0.1475 [  4816/ 40000]
    loss  0.5506 [  6416/ 40000]
    loss  0.2556 [  8016/ 40000]
    loss  0.3875 [  9616/ 40000]
    loss  0.2366 [ 11216/ 40000]
    loss  0.4223 [ 12816/ 40000]
    loss  0.1117 [ 14416/ 40000]
    loss  0.2180 [ 16016/ 40000]
    loss  0.2922 [ 17616/ 40000]
    loss  0.4166 [ 19216/ 40000]
    loss  0.4632 [ 20816/ 40000]
    loss  0.7078 [ 22416/ 40000]
    loss  0.5852 [ 24016/ 40000]
    loss  0.4899 [ 25616/ 40000]
    loss  0.6121 [ 27216/ 40000]
    loss  0.5521 [ 28816/ 40000]
    loss  0.3573 [ 30416/ 40000]
    loss  0.4116 [ 32016/ 40000]
    loss  0.4802 [ 33616/ 40000]
    loss  0.5734 [ 35216/ 40000]
    loss  0.0713 [ 36816/ 40000]
    loss  0.2777 [ 38416/ 40000]
 train: 0.3548 | val: 0.3794 | acc: 87.15% | 28.6 min

==============================================================
Epoch  74/100 (lr 0.00851)
====================
    loss  0.2044 [    16/ 40000]
    loss  0.1589 [  1616/ 40000]
    loss  0.0883 [  3216/ 40000]
    loss  0.2675 [  4816/ 40000]
    loss  0.1396 [  6416/ 40000]
    loss  0.2838 [  8016/ 40000]
    loss  0.1877 [  9616/ 40000]
    loss  0.8300 [ 11216/ 40000]
    loss  0.1821 [ 12816/ 40000]
    loss  0.9539 [ 14416/ 40000]
    loss  0.3069 [ 16016/ 40000]
    loss  0.2556 [ 17616/ 40000]
    loss  0.0461 [ 19216/ 40000]
    loss  0.3656 [ 20816/ 40000]
    loss  0.2226 [ 22416/ 40000]
    loss  0.2350 [ 24016/ 40000]
    loss  0.1357 [ 25616/ 40000]
    loss  0.3349 [ 27216/ 40000]
    loss  0.1696 [ 28816/ 40000]
    loss  0.2916 [ 30416/ 40000]
    loss  0.5427 [ 32016/ 40000]
    loss  0.2404 [ 33616/ 40000]
    loss  0.1237 [ 35216/ 40000]
    loss  0.7107 [ 36816/ 40000]
    loss  0.3141 [ 38416/ 40000]
 train: 0.3393 | val: 0.4083 | acc: 86.03% | 29.0 min

==============================================================
Epoch  75/100 (lr 0.00793)
====================
    loss  0.5380 [    16/ 40000]
    loss  0.3190 [  1616/ 40000]
    loss  0.1566 [  3216/ 40000]
    loss  0.1530 [  4816/ 40000]
    loss  0.4455 [  6416/ 40000]
    loss  0.1562 [  8016/ 40000]
    loss  0.6771 [  9616/ 40000]
    loss  0.0942 [ 11216/ 40000]
    loss  0.9310 [ 12816/ 40000]
    loss  0.3349 [ 14416/ 40000]
    loss  0.3263 [ 16016/ 40000]
    loss  0.2616 [ 17616/ 40000]
    loss  0.5953 [ 19216/ 40000]
    loss  0.3684 [ 20816/ 40000]
    loss  0.0831 [ 22416/ 40000]
    loss  0.4849 [ 24016/ 40000]
    loss  0.1296 [ 25616/ 40000]
    loss  0.0672 [ 27216/ 40000]
    loss  0.7380 [ 28816/ 40000]
    loss  0.6117 [ 30416/ 40000]
    loss  0.1584 [ 32016/ 40000]
    loss  0.5728 [ 33616/ 40000]
    loss  0.2174 [ 35216/ 40000]
    loss  0.3120 [ 36816/ 40000]
    loss  0.3132 [ 38416/ 40000]
 train: 0.3289 | val: 0.3975 | acc: 86.65% | 29.4 min

==============================================================
Epoch  76/100 (lr 0.00737)
====================
    loss  0.4046 [    16/ 40000]
    loss  0.1151 [  1616/ 40000]
    loss  0.6959 [  3216/ 40000]
    loss  0.3852 [  4816/ 40000]
    loss  0.5137 [  6416/ 40000]
    loss  0.1353 [  8016/ 40000]
    loss  0.3633 [  9616/ 40000]
    loss  0.2723 [ 11216/ 40000]
    loss  0.7222 [ 12816/ 40000]
    loss  0.3855 [ 14416/ 40000]
    loss  0.3356 [ 16016/ 40000]
    loss  0.2631 [ 17616/ 40000]
    loss  0.1103 [ 19216/ 40000]
    loss  0.6552 [ 20816/ 40000]
    loss  0.5170 [ 22416/ 40000]
    loss  0.2097 [ 24016/ 40000]
    loss  0.3897 [ 25616/ 40000]
    loss  0.0723 [ 27216/ 40000]
    loss  0.1188 [ 28816/ 40000]
    loss  0.2246 [ 30416/ 40000]
    loss  0.3538 [ 32016/ 40000]
    loss  0.5807 [ 33616/ 40000]
    loss  0.1735 [ 35216/ 40000]
    loss  0.3028 [ 36816/ 40000]
    loss  0.2268 [ 38416/ 40000]
 train: 0.3119 | val: 0.3802 | acc: 87.57% | 29.9 min

==============================================================
Epoch  77/100 (lr 0.00682)
====================
    loss  0.1018 [    16/ 40000]
    loss  0.3144 [  1616/ 40000]
    loss  0.5687 [  3216/ 40000]
    loss  0.2852 [  4816/ 40000]
    loss  0.4464 [  6416/ 40000]
    loss  0.2637 [  8016/ 40000]
    loss  0.0745 [  9616/ 40000]
    loss  0.2873 [ 11216/ 40000]
    loss  0.3867 [ 12816/ 40000]
    loss  0.2364 [ 14416/ 40000]
    loss  0.7219 [ 16016/ 40000]
    loss  0.3200 [ 17616/ 40000]
    loss  0.2835 [ 19216/ 40000]
    loss  0.1261 [ 20816/ 40000]
    loss  0.0538 [ 22416/ 40000]
    loss  0.3173 [ 24016/ 40000]
    loss  0.1840 [ 25616/ 40000]
    loss  0.3052 [ 27216/ 40000]
    loss  0.2309 [ 28816/ 40000]
    loss  0.6449 [ 30416/ 40000]
    loss  0.1576 [ 32016/ 40000]
    loss  0.2729 [ 33616/ 40000]
    loss  0.0153 [ 35216/ 40000]
    loss  0.4368 [ 36816/ 40000]
    loss  0.1306 [ 38416/ 40000]
 train: 0.2921 | val: 0.3714 | acc: 87.07% | 30.3 min

==============================================================
Epoch  78/100 (lr 0.00629)
====================
    loss  0.3754 [    16/ 40000]
    loss  0.1094 [  1616/ 40000]
    loss  0.1389 [  3216/ 40000]
    loss  0.3752 [  4816/ 40000]
    loss  0.0148 [  6416/ 40000]
    loss  0.4514 [  8016/ 40000]
    loss  0.2137 [  9616/ 40000]
    loss  0.0394 [ 11216/ 40000]
    loss  0.3468 [ 12816/ 40000]
    loss  0.0480 [ 14416/ 40000]
    loss  0.0707 [ 16016/ 40000]
    loss  0.2188 [ 17616/ 40000]
    loss  0.4038 [ 19216/ 40000]
    loss  0.1195 [ 20816/ 40000]
    loss  0.2334 [ 22416/ 40000]
    loss  0.2321 [ 24016/ 40000]
    loss  0.0528 [ 25616/ 40000]
    loss  0.3138 [ 27216/ 40000]
    loss  0.1728 [ 28816/ 40000]
    loss  0.0889 [ 30416/ 40000]
    loss  0.1995 [ 32016/ 40000]
    loss  0.1647 [ 33616/ 40000]
    loss  0.1026 [ 35216/ 40000]
    loss  0.4371 [ 36816/ 40000]
    loss  0.5992 [ 38416/ 40000]
 train: 0.2705 | val: 0.3802 | acc: 87.39% | 30.8 min

==============================================================
Epoch  79/100 (lr 0.00578)
====================
    loss  0.1586 [    16/ 40000]
    loss  0.1569 [  1616/ 40000]
    loss  0.0922 [  3216/ 40000]
    loss  0.2710 [  4816/ 40000]
    loss  0.1796 [  6416/ 40000]
    loss  0.1207 [  8016/ 40000]
    loss  0.3440 [  9616/ 40000]
    loss  0.1104 [ 11216/ 40000]
    loss  0.1589 [ 12816/ 40000]
    loss  0.2581 [ 14416/ 40000]
    loss  0.0769 [ 16016/ 40000]
    loss  0.1605 [ 17616/ 40000]
    loss  0.1342 [ 19216/ 40000]
    loss  0.4183 [ 20816/ 40000]
    loss  0.3154 [ 22416/ 40000]
    loss  0.1667 [ 24016/ 40000]
    loss  0.1408 [ 25616/ 40000]
    loss  0.6607 [ 27216/ 40000]
    loss  0.2731 [ 28816/ 40000]
    loss  0.2767 [ 30416/ 40000]
    loss  0.1342 [ 32016/ 40000]
    loss  0.1911 [ 33616/ 40000]
    loss  0.0970 [ 35216/ 40000]
    loss  0.4551 [ 36816/ 40000]
    loss  0.2753 [ 38416/ 40000]
 train: 0.2601 | val: 0.3850 | acc: 87.21% | 31.3 min

==============================================================
Epoch  80/100 (lr 0.00529)
====================
    loss  0.1509 [    16/ 40000]
    loss  0.2804 [  1616/ 40000]
    loss  0.0687 [  3216/ 40000]
    loss  0.0596 [  4816/ 40000]
    loss  0.1188 [  6416/ 40000]
    loss  0.0437 [  8016/ 40000]
    loss  0.1211 [  9616/ 40000]
    loss  0.5647 [ 11216/ 40000]
    loss  0.1968 [ 12816/ 40000]
    loss  0.0461 [ 14416/ 40000]
    loss  0.1641 [ 16016/ 40000]
    loss  0.2259 [ 17616/ 40000]
    loss  0.2522 [ 19216/ 40000]
    loss  0.0397 [ 20816/ 40000]
    loss  0.0366 [ 22416/ 40000]
    loss  0.2846 [ 24016/ 40000]
    loss  0.0916 [ 25616/ 40000]
    loss  0.0677 [ 27216/ 40000]
    loss  0.2927 [ 28816/ 40000]
    loss  0.1325 [ 30416/ 40000]
    loss  0.0249 [ 32016/ 40000]
    loss  0.1670 [ 33616/ 40000]
    loss  0.1840 [ 35216/ 40000]
    loss  0.0906 [ 36816/ 40000]
    loss  0.3546 [ 38416/ 40000]
 train: 0.2474 | val: 0.3352 | acc: 88.62% | 31.7 min
 resume checkpoint: vgg8_epoch80.pt

==============================================================
Epoch  81/100 (lr 0.00482)
====================
    loss  0.4488 [    16/ 40000]
    loss  0.0508 [  1616/ 40000]
    loss  0.0577 [  3216/ 40000]
    loss  0.2893 [  4816/ 40000]
    loss  0.1012 [  6416/ 40000]
    loss  0.1401 [  8016/ 40000]
    loss  0.2004 [  9616/ 40000]
    loss  0.1891 [ 11216/ 40000]
    loss  0.2053 [ 12816/ 40000]
    loss  0.0717 [ 14416/ 40000]
    loss  0.3379 [ 16016/ 40000]
    loss  0.0518 [ 17616/ 40000]
    loss  0.1398 [ 19216/ 40000]
    loss  0.1073 [ 20816/ 40000]
    loss  0.0536 [ 22416/ 40000]
    loss  0.0757 [ 24016/ 40000]
    loss  0.3003 [ 25616/ 40000]
    loss  0.0605 [ 27216/ 40000]
    loss  0.1225 [ 28816/ 40000]
    loss  0.5679 [ 30416/ 40000]
    loss  0.2172 [ 32016/ 40000]
    loss  0.1792 [ 33616/ 40000]
    loss  0.1590 [ 35216/ 40000]
    loss  0.3484 [ 36816/ 40000]
    loss  0.1710 [ 38416/ 40000]
 train: 0.2180 | val: 0.3740 | acc: 87.70% | 32.2 min

==============================================================
Epoch  82/100 (lr 0.00437)
====================
    loss  0.1098 [    16/ 40000]
    loss  0.1008 [  1616/ 40000]
    loss  0.2215 [  3216/ 40000]
    loss  0.1741 [  4816/ 40000]
    loss  0.1592 [  6416/ 40000]
    loss  0.0715 [  8016/ 40000]
    loss  0.0184 [  9616/ 40000]
    loss  0.3170 [ 11216/ 40000]
    loss  0.1120 [ 12816/ 40000]
    loss  0.4546 [ 14416/ 40000]
    loss  0.1807 [ 16016/ 40000]
    loss  0.0656 [ 17616/ 40000]
    loss  0.1927 [ 19216/ 40000]
    loss  0.6772 [ 20816/ 40000]
    loss  0.5012 [ 22416/ 40000]
    loss  0.2280 [ 24016/ 40000]
    loss  0.0730 [ 25616/ 40000]
    loss  0.0547 [ 27216/ 40000]
    loss  0.0258 [ 28816/ 40000]
    loss  0.1335 [ 30416/ 40000]
    loss  0.0566 [ 32016/ 40000]
    loss  0.1526 [ 33616/ 40000]
    loss  0.3152 [ 35216/ 40000]
    loss  0.0827 [ 36816/ 40000]
    loss  0.3669 [ 38416/ 40000]
 train: 0.1972 | val: 0.3690 | acc: 88.09% | 32.7 min

==============================================================
Epoch  83/100 (lr 0.00394)
====================
    loss  0.2478 [    16/ 40000]
    loss  0.0568 [  1616/ 40000]
    loss  0.4066 [  3216/ 40000]
    loss  0.0747 [  4816/ 40000]
    loss  0.0441 [  6416/ 40000]
    loss  0.2562 [  8016/ 40000]
    loss  0.1996 [  9616/ 40000]
    loss  0.2118 [ 11216/ 40000]
    loss  0.0466 [ 12816/ 40000]
    loss  0.4009 [ 14416/ 40000]
    loss  0.6495 [ 16016/ 40000]
    loss  0.4744 [ 17616/ 40000]
    loss  0.1448 [ 19216/ 40000]
    loss  0.3041 [ 20816/ 40000]
    loss  0.1255 [ 22416/ 40000]
    loss  0.0369 [ 24016/ 40000]
    loss  0.0910 [ 25616/ 40000]
    loss  0.9841 [ 27216/ 40000]
    loss  0.0854 [ 28816/ 40000]
    loss  0.1124 [ 30416/ 40000]
    loss  0.2254 [ 32016/ 40000]
    loss  0.1507 [ 33616/ 40000]
    loss  0.1943 [ 35216/ 40000]
    loss  0.5996 [ 36816/ 40000]
    loss  0.0912 [ 38416/ 40000]
 train: 0.1888 | val: 0.3510 | acc: 88.67% | 33.1 min

==============================================================
Epoch  84/100 (lr 0.00353)
====================
    loss  0.1706 [    16/ 40000]
    loss  0.0805 [  1616/ 40000]
    loss  0.1862 [  3216/ 40000]
    loss  0.0642 [  4816/ 40000]
    loss  0.1486 [  6416/ 40000]
    loss  0.0921 [  8016/ 40000]
    loss  0.0411 [  9616/ 40000]
    loss  0.2123 [ 11216/ 40000]
    loss  0.1129 [ 12816/ 40000]
    loss  0.0512 [ 14416/ 40000]
    loss  0.0194 [ 16016/ 40000]
    loss  0.0063 [ 17616/ 40000]
    loss  0.3966 [ 19216/ 40000]
    loss  0.1378 [ 20816/ 40000]
    loss  0.2381 [ 22416/ 40000]
    loss  0.0840 [ 24016/ 40000]
    loss  0.0288 [ 25616/ 40000]
    loss  0.3317 [ 27216/ 40000]
    loss  0.0337 [ 28816/ 40000]
    loss  0.1292 [ 30416/ 40000]
    loss  0.0549 [ 32016/ 40000]
    loss  0.1341 [ 33616/ 40000]
    loss  0.0227 [ 35216/ 40000]
    loss  0.0299 [ 36816/ 40000]
    loss  0.0869 [ 38416/ 40000]
 train: 0.1727 | val: 0.3531 | acc: 88.25% | 33.6 min

==============================================================
Epoch  85/100 (lr 0.00314)
====================
    loss  0.0490 [    16/ 40000]
    loss  0.0195 [  1616/ 40000]
    loss  0.1171 [  3216/ 40000]
    loss  0.1219 [  4816/ 40000]
    loss  0.0663 [  6416/ 40000]
    loss  0.0477 [  8016/ 40000]
    loss  0.0385 [  9616/ 40000]
    loss  0.1325 [ 11216/ 40000]
    loss  0.1275 [ 12816/ 40000]
    loss  0.2817 [ 14416/ 40000]
    loss  0.0457 [ 16016/ 40000]
    loss  0.3164 [ 17616/ 40000]
    loss  0.0245 [ 19216/ 40000]
    loss  0.0698 [ 20816/ 40000]
    loss  0.3644 [ 22416/ 40000]
    loss  0.0746 [ 24016/ 40000]
    loss  0.4067 [ 25616/ 40000]
    loss  0.4653 [ 27216/ 40000]
    loss  0.1661 [ 28816/ 40000]
    loss  0.0267 [ 30416/ 40000]
    loss  0.0670 [ 32016/ 40000]
    loss  0.1140 [ 33616/ 40000]
    loss  0.1254 [ 35216/ 40000]
    loss  0.1265 [ 36816/ 40000]
    loss  0.1068 [ 38416/ 40000]
 train: 0.1423 | val: 0.3239 | acc: 89.26% | 34.1 min

==============================================================
Epoch  86/100 (lr 0.00277)
====================
    loss  0.0374 [    16/ 40000]
    loss  0.5879 [  1616/ 40000]
    loss  0.0043 [  3216/ 40000]
    loss  0.0912 [  4816/ 40000]
    loss  0.0546 [  6416/ 40000]
    loss  0.1789 [  8016/ 40000]
    loss  0.1113 [  9616/ 40000]
    loss  0.1150 [ 11216/ 40000]
    loss  0.0093 [ 12816/ 40000]
    loss  0.0342 [ 14416/ 40000]
    loss  0.1189 [ 16016/ 40000]
    loss  0.0432 [ 17616/ 40000]
    loss  0.1100 [ 19216/ 40000]
    loss  0.1597 [ 20816/ 40000]
    loss  0.1843 [ 22416/ 40000]
    loss  0.0974 [ 24016/ 40000]
    loss  0.0406 [ 25616/ 40000]
    loss  0.3708 [ 27216/ 40000]
    loss  0.2525 [ 28816/ 40000]
    loss  0.0416 [ 30416/ 40000]
    loss  0.1614 [ 32016/ 40000]
    loss  0.0707 [ 33616/ 40000]
    loss  0.3446 [ 35216/ 40000]
    loss  0.2605 [ 36816/ 40000]
    loss  0.0074 [ 38416/ 40000]
 train: 0.1284 | val: 0.3138 | acc: 90.46% | 34.5 min

==============================================================
Epoch  87/100 (lr 0.00243)
====================
    loss  0.1441 [    16/ 40000]
    loss  0.0968 [  1616/ 40000]
    loss  0.0700 [  3216/ 40000]
    loss  0.0721 [  4816/ 40000]
    loss  0.0208 [  6416/ 40000]
    loss  0.0081 [  8016/ 40000]
    loss  0.0352 [  9616/ 40000]
    loss  0.0202 [ 11216/ 40000]
    loss  0.0189 [ 12816/ 40000]
    loss  0.0098 [ 14416/ 40000]
    loss  0.0496 [ 16016/ 40000]
    loss  0.0183 [ 17616/ 40000]
    loss  0.3149 [ 19216/ 40000]
    loss  0.1007 [ 20816/ 40000]
    loss  0.0930 [ 22416/ 40000]
    loss  0.2788 [ 24016/ 40000]
    loss  0.0075 [ 25616/ 40000]
    loss  0.1032 [ 27216/ 40000]
    loss  0.0552 [ 28816/ 40000]
    loss  0.1509 [ 30416/ 40000]
    loss  0.3555 [ 32016/ 40000]
    loss  0.2999 [ 33616/ 40000]
    loss  0.3673 [ 35216/ 40000]
    loss  0.2627 [ 36816/ 40000]
    loss  0.0222 [ 38416/ 40000]
 train: 0.1145 | val: 0.3347 | acc: 89.76% | 35.0 min

==============================================================
Epoch  88/100 (lr 0.00210)
====================
    loss  0.2885 [    16/ 40000]
    loss  0.0154 [  1616/ 40000]
    loss  0.0165 [  3216/ 40000]
    loss  0.0180 [  4816/ 40000]
    loss  0.1141 [  6416/ 40000]
    loss  0.0149 [  8016/ 40000]
    loss  0.1266 [  9616/ 40000]
    loss  0.1079 [ 11216/ 40000]
    loss  0.0711 [ 12816/ 40000]
    loss  0.4318 [ 14416/ 40000]
    loss  0.0731 [ 16016/ 40000]
    loss  0.2262 [ 17616/ 40000]
    loss  0.0235 [ 19216/ 40000]
    loss  0.0971 [ 20816/ 40000]
    loss  0.0154 [ 22416/ 40000]
    loss  0.4045 [ 24016/ 40000]
    loss  0.1210 [ 25616/ 40000]
    loss  0.0322 [ 27216/ 40000]
    loss  0.0251 [ 28816/ 40000]
    loss  0.1659 [ 30416/ 40000]
    loss  0.1128 [ 32016/ 40000]
    loss  0.0274 [ 33616/ 40000]
    loss  0.0754 [ 35216/ 40000]
    loss  0.0019 [ 36816/ 40000]
    loss  0.0597 [ 38416/ 40000]
 train: 0.0978 | val: 0.3034 | acc: 90.80% | 35.5 min

==============================================================
Epoch  89/100 (lr 0.00180)
====================
    loss  0.0271 [    16/ 40000]
    loss  0.0179 [  1616/ 40000]
    loss  0.1950 [  3216/ 40000]
    loss  0.1098 [  4816/ 40000]
    loss  0.0216 [  6416/ 40000]
    loss  0.0148 [  8016/ 40000]
    loss  0.1099 [  9616/ 40000]
    loss  0.0297 [ 11216/ 40000]
    loss  0.0248 [ 12816/ 40000]
    loss  0.0046 [ 14416/ 40000]
    loss  0.1465 [ 16016/ 40000]
    loss  0.2104 [ 17616/ 40000]
    loss  0.0420 [ 19216/ 40000]
    loss  0.0777 [ 20816/ 40000]
    loss  0.0695 [ 22416/ 40000]
    loss  0.0533 [ 24016/ 40000]
    loss  0.0283 [ 25616/ 40000]
    loss  0.0206 [ 27216/ 40000]
    loss  0.0082 [ 28816/ 40000]
    loss  0.2624 [ 30416/ 40000]
    loss  0.0134 [ 32016/ 40000]
    loss  0.0404 [ 33616/ 40000]
    loss  0.1615 [ 35216/ 40000]
    loss  0.1137 [ 36816/ 40000]
    loss  0.0140 [ 38416/ 40000]
 train: 0.0772 | val: 0.3094 | acc: 90.82% | 35.9 min

==============================================================
Epoch  90/100 (lr 0.00153)
====================
    loss  0.0151 [    16/ 40000]
    loss  0.0032 [  1616/ 40000]
    loss  0.0043 [  3216/ 40000]
    loss  0.0211 [  4816/ 40000]
    loss  0.1532 [  6416/ 40000]
    loss  0.0369 [  8016/ 40000]
    loss  0.2484 [  9616/ 40000]
    loss  0.0499 [ 11216/ 40000]
    loss  0.0319 [ 12816/ 40000]
    loss  0.0387 [ 14416/ 40000]
    loss  0.0114 [ 16016/ 40000]
    loss  0.0067 [ 17616/ 40000]
    loss  0.0096 [ 19216/ 40000]
    loss  0.0979 [ 20816/ 40000]
    loss  0.0278 [ 22416/ 40000]
    loss  0.0020 [ 24016/ 40000]
    loss  0.0377 [ 25616/ 40000]
    loss  0.0061 [ 27216/ 40000]
    loss  0.1814 [ 28816/ 40000]
    loss  0.0401 [ 30416/ 40000]
    loss  0.0072 [ 32016/ 40000]
    loss  0.1793 [ 33616/ 40000]
    loss  0.0058 [ 35216/ 40000]
    loss  0.0356 [ 36816/ 40000]
    loss  0.0389 [ 38416/ 40000]
 train: 0.0655 | val: 0.2916 | acc: 91.17% | 36.4 min
 resume checkpoint: vgg8_epoch90.pt

==============================================================
Epoch  91/100 (lr 0.00127)
====================
    loss  0.1910 [    16/ 40000]
    loss  0.0033 [  1616/ 40000]
    loss  0.0825 [  3216/ 40000]
    loss  0.0416 [  4816/ 40000]
    loss  0.0123 [  6416/ 40000]
    loss  0.0497 [  8016/ 40000]
    loss  0.0904 [  9616/ 40000]
    loss  0.0046 [ 11216/ 40000]
    loss  0.0738 [ 12816/ 40000]
    loss  0.0027 [ 14416/ 40000]
    loss  0.0245 [ 16016/ 40000]
    loss  0.0383 [ 17616/ 40000]
    loss  0.1318 [ 19216/ 40000]
    loss  0.2278 [ 20816/ 40000]
    loss  0.0539 [ 22416/ 40000]
    loss  0.0069 [ 24016/ 40000]
    loss  0.0027 [ 25616/ 40000]
    loss  0.1221 [ 27216/ 40000]
    loss  0.0474 [ 28816/ 40000]
    loss  0.0112 [ 30416/ 40000]
    loss  0.2070 [ 32016/ 40000]
    loss  0.0080 [ 33616/ 40000]
    loss  0.0085 [ 35216/ 40000]
    loss  0.0429 [ 36816/ 40000]
    loss  0.0769 [ 38416/ 40000]
 train: 0.0543 | val: 0.2995 | acc: 91.25% | 36.8 min

==============================================================
Epoch  92/100 (lr 0.00104)
====================
    loss  0.1130 [    16/ 40000]
    loss  0.1575 [  1616/ 40000]
    loss  0.0168 [  3216/ 40000]
    loss  0.0150 [  4816/ 40000]
    loss  0.0120 [  6416/ 40000]
    loss  0.0029 [  8016/ 40000]
    loss  0.0017 [  9616/ 40000]
    loss  0.0171 [ 11216/ 40000]
    loss  0.0164 [ 12816/ 40000]
    loss  0.0034 [ 14416/ 40000]
    loss  0.0033 [ 16016/ 40000]
    loss  0.0084 [ 17616/ 40000]
    loss  0.0211 [ 19216/ 40000]
    loss  0.0194 [ 20816/ 40000]
    loss  0.0112 [ 22416/ 40000]
    loss  0.0409 [ 24016/ 40000]
    loss  0.0129 [ 25616/ 40000]
    loss  0.0133 [ 27216/ 40000]
    loss  0.0017 [ 28816/ 40000]
    loss  0.0721 [ 30416/ 40000]
    loss  0.0245 [ 32016/ 40000]
    loss  0.0461 [ 33616/ 40000]
    loss  0.0047 [ 35216/ 40000]
    loss  0.1328 [ 36816/ 40000]
    loss  0.1365 [ 38416/ 40000]
 train: 0.0443 | val: 0.3004 | acc: 91.13% | 37.3 min

==============================================================
Epoch  93/100 (lr 0.00083)
====================
    loss  0.0037 [    16/ 40000]
    loss  0.0084 [  1616/ 40000]
    loss  0.0066 [  3216/ 40000]
    loss  0.0180 [  4816/ 40000]
    loss  0.0139 [  6416/ 40000]
    loss  0.0771 [  8016/ 40000]
    loss  0.0107 [  9616/ 40000]
    loss  0.0645 [ 11216/ 40000]
    loss  0.0020 [ 12816/ 40000]
    loss  0.0778 [ 14416/ 40000]
    loss  0.0546 [ 16016/ 40000]
    loss  0.0122 [ 17616/ 40000]
    loss  0.0128 [ 19216/ 40000]
    loss  0.1809 [ 20816/ 40000]
    loss  0.2369 [ 22416/ 40000]
    loss  0.0286 [ 24016/ 40000]
    loss  0.0877 [ 25616/ 40000]
    loss  0.0206 [ 27216/ 40000]
    loss  0.0203 [ 28816/ 40000]
    loss  0.0035 [ 30416/ 40000]
    loss  0.0259 [ 32016/ 40000]
    loss  0.1733 [ 33616/ 40000]
    loss  0.0039 [ 35216/ 40000]
    loss  0.0277 [ 36816/ 40000]
    loss  0.2603 [ 38416/ 40000]
 train: 0.0366 | val: 0.2988 | acc: 91.44% | 37.7 min

==============================================================
Epoch  94/100 (lr 0.00065)
====================
    loss  0.0051 [    16/ 40000]
    loss  0.0029 [  1616/ 40000]
    loss  0.0282 [  3216/ 40000]
    loss  0.0213 [  4816/ 40000]
    loss  0.0967 [  6416/ 40000]
    loss  0.0126 [  8016/ 40000]
    loss  0.0634 [  9616/ 40000]
    loss  0.0740 [ 11216/ 40000]
    loss  0.0096 [ 12816/ 40000]
    loss  0.1690 [ 14416/ 40000]
    loss  0.0072 [ 16016/ 40000]
    loss  0.0203 [ 17616/ 40000]
    loss  0.0574 [ 19216/ 40000]
    loss  0.0123 [ 20816/ 40000]
    loss  0.0062 [ 22416/ 40000]
    loss  0.0273 [ 24016/ 40000]
    loss  0.1173 [ 25616/ 40000]
    loss  0.0034 [ 27216/ 40000]
    loss  0.0103 [ 28816/ 40000]
    loss  0.0014 [ 30416/ 40000]
    loss  0.0326 [ 32016/ 40000]
    loss  0.0018 [ 33616/ 40000]
    loss  0.0128 [ 35216/ 40000]
    loss  0.0054 [ 36816/ 40000]
    loss  0.1117 [ 38416/ 40000]
 train: 0.0292 | val: 0.2913 | acc: 91.67% | 38.2 min

==============================================================
Epoch  95/100 (lr 0.00049)
====================
    loss  0.0021 [    16/ 40000]
    loss  0.0018 [  1616/ 40000]
    loss  0.1179 [  3216/ 40000]
    loss  0.0036 [  4816/ 40000]
    loss  0.1825 [  6416/ 40000]
    loss  0.0026 [  8016/ 40000]
    loss  0.0090 [  9616/ 40000]
    loss  0.0065 [ 11216/ 40000]
    loss  0.0095 [ 12816/ 40000]
    loss  0.0012 [ 14416/ 40000]
    loss  0.0094 [ 16016/ 40000]
    loss  0.0019 [ 17616/ 40000]
    loss  0.0835 [ 19216/ 40000]
    loss  0.1092 [ 20816/ 40000]
    loss  0.0095 [ 22416/ 40000]
    loss  0.2237 [ 24016/ 40000]
    loss  0.0220 [ 25616/ 40000]
    loss  0.0200 [ 27216/ 40000]
    loss  0.0086 [ 28816/ 40000]
    loss  0.0027 [ 30416/ 40000]
    loss  0.0056 [ 32016/ 40000]
    loss  0.0137 [ 33616/ 40000]
    loss  0.0026 [ 35216/ 40000]
    loss  0.0105 [ 36816/ 40000]
    loss  0.0277 [ 38416/ 40000]
 train: 0.0262 | val: 0.2824 | acc: 91.97% | 38.6 min

==============================================================
Epoch  96/100 (lr 0.00036)
====================
    loss  0.0020 [    16/ 40000]
    loss  0.0015 [  1616/ 40000]
    loss  0.0242 [  3216/ 40000]
    loss  0.0015 [  4816/ 40000]
    loss  0.0120 [  6416/ 40000]
    loss  0.0085 [  8016/ 40000]
    loss  0.1722 [  9616/ 40000]
    loss  0.0473 [ 11216/ 40000]
    loss  0.0056 [ 12816/ 40000]
    loss  0.0042 [ 14416/ 40000]
    loss  0.0011 [ 16016/ 40000]
    loss  0.0016 [ 17616/ 40000]
    loss  0.0025 [ 19216/ 40000]
    loss  0.0029 [ 20816/ 40000]
    loss  0.0026 [ 22416/ 40000]
    loss  0.0034 [ 24016/ 40000]
    loss  0.0065 [ 25616/ 40000]
    loss  0.0270 [ 27216/ 40000]
    loss  0.0043 [ 28816/ 40000]
    loss  0.0038 [ 30416/ 40000]
    loss  0.0012 [ 32016/ 40000]
    loss  0.0008 [ 33616/ 40000]
    loss  0.0028 [ 35216/ 40000]
    loss  0.0313 [ 36816/ 40000]
    loss  0.0500 [ 38416/ 40000]
 train: 0.0215 | val: 0.2755 | acc: 91.95% | 39.1 min

==============================================================
Epoch  97/100 (lr 0.00025)
====================
    loss  0.0073 [    16/ 40000]
    loss  0.0050 [  1616/ 40000]
    loss  0.0191 [  3216/ 40000]
    loss  0.0028 [  4816/ 40000]
    loss  0.0043 [  6416/ 40000]
    loss  0.0221 [  8016/ 40000]
    loss  0.0023 [  9616/ 40000]
    loss  0.0191 [ 11216/ 40000]
    loss  0.0994 [ 12816/ 40000]
    loss  0.0206 [ 14416/ 40000]
    loss  0.0051 [ 16016/ 40000]
    loss  0.0033 [ 17616/ 40000]
    loss  0.0410 [ 19216/ 40000]
    loss  0.0019 [ 20816/ 40000]
    loss  0.0259 [ 22416/ 40000]
    loss  0.0036 [ 24016/ 40000]
    loss  0.0237 [ 25616/ 40000]
    loss  0.0385 [ 27216/ 40000]
    loss  0.0072 [ 28816/ 40000]
    loss  0.0458 [ 30416/ 40000]
    loss  0.0515 [ 32016/ 40000]
    loss  0.1999 [ 33616/ 40000]
    loss  0.0123 [ 35216/ 40000]
    loss  0.0476 [ 36816/ 40000]
    loss  0.2362 [ 38416/ 40000]
 train: 0.0189 | val: 0.2751 | acc: 92.12% | 39.6 min

==============================================================
Epoch  98/100 (lr 0.00016)
====================
    loss  0.0009 [    16/ 40000]
    loss  0.0009 [  1616/ 40000]
    loss  0.0012 [  3216/ 40000]
    loss  0.0123 [  4816/ 40000]
    loss  0.0072 [  6416/ 40000]
    loss  0.0025 [  8016/ 40000]
    loss  0.0042 [  9616/ 40000]
    loss  0.0160 [ 11216/ 40000]
    loss  0.0088 [ 12816/ 40000]
    loss  0.0083 [ 14416/ 40000]
    loss  0.0100 [ 16016/ 40000]
    loss  0.2229 [ 17616/ 40000]
    loss  0.0040 [ 19216/ 40000]
    loss  0.0053 [ 20816/ 40000]
    loss  0.0007 [ 22416/ 40000]
    loss  0.0054 [ 24016/ 40000]
    loss  0.0026 [ 25616/ 40000]
    loss  0.0054 [ 27216/ 40000]
    loss  0.0051 [ 28816/ 40000]
    loss  0.0131 [ 30416/ 40000]
    loss  0.0019 [ 32016/ 40000]
    loss  0.0447 [ 33616/ 40000]
    loss  0.0010 [ 35216/ 40000]
    loss  0.0258 [ 36816/ 40000]
    loss  0.0040 [ 38416/ 40000]
 train: 0.0183 | val: 0.2764 | acc: 92.14% | 40.0 min

==============================================================
Epoch  99/100 (lr 0.00010)
====================
    loss  0.0141 [    16/ 40000]
    loss  0.0091 [  1616/ 40000]
    loss  0.0043 [  3216/ 40000]
    loss  0.0009 [  4816/ 40000]
    loss  0.0037 [  6416/ 40000]
    loss  0.0015 [  8016/ 40000]
    loss  0.2315 [  9616/ 40000]
    loss  0.0023 [ 11216/ 40000]
    loss  0.0043 [ 12816/ 40000]
    loss  0.0077 [ 14416/ 40000]
    loss  0.0022 [ 16016/ 40000]
    loss  0.0033 [ 17616/ 40000]
    loss  0.0041 [ 19216/ 40000]
    loss  0.0024 [ 20816/ 40000]
    loss  0.0022 [ 22416/ 40000]
    loss  0.0156 [ 24016/ 40000]
    loss  0.0446 [ 25616/ 40000]
    loss  0.0084 [ 27216/ 40000]
    loss  0.0050 [ 28816/ 40000]
    loss  0.0625 [ 30416/ 40000]
    loss  0.0126 [ 32016/ 40000]
    loss  0.0028 [ 33616/ 40000]
    loss  0.0024 [ 35216/ 40000]
    loss  0.0039 [ 36816/ 40000]
    loss  0.0044 [ 38416/ 40000]
 train: 0.0166 | val: 0.2756 | acc: 92.05% | 40.5 min

==============================================================
Epoch 100/100 (lr 0.00006)
====================
    loss  0.0043 [    16/ 40000]
    loss  0.0016 [  1616/ 40000]
    loss  0.0156 [  3216/ 40000]
    loss  0.0072 [  4816/ 40000]
    loss  0.0029 [  6416/ 40000]
    loss  0.0114 [  8016/ 40000]
    loss  0.0042 [  9616/ 40000]
    loss  0.0398 [ 11216/ 40000]
    loss  0.0087 [ 12816/ 40000]
    loss  0.1040 [ 14416/ 40000]
    loss  0.0167 [ 16016/ 40000]
    loss  0.0011 [ 17616/ 40000]
    loss  0.0099 [ 19216/ 40000]
    loss  0.0203 [ 20816/ 40000]
    loss  0.0121 [ 22416/ 40000]
    loss  0.0609 [ 24016/ 40000]
    loss  0.0060 [ 25616/ 40000]
    loss  0.0056 [ 27216/ 40000]
    loss  0.0121 [ 28816/ 40000]
    loss  0.0831 [ 30416/ 40000]
    loss  0.0899 [ 32016/ 40000]
    loss  0.0015 [ 33616/ 40000]
    loss  0.0051 [ 35216/ 40000]
    loss  0.0011 [ 36816/ 40000]
    loss  0.0069 [ 38416/ 40000]
 train: 0.0162 | val: 0.2741 | acc: 92.03% | 40.9 min
 resume checkpoint: vgg8_epoch100.pt

++++++++++++++++++++++++++++++++++++++++++++++++++++++++++++++
final test acc  91.63% | (loss 0.3236)
best val acc    92.14% 
frozen -> checkpoints/vgg8_baseline.pt
reload check: max |delta| = 0.00e+00
 |gamma| < 1e-02: 19.4%
 |gamma| < 1e-03: 19.1%
 |gamma| < 1e-04: 18.9%
Done!
